Archive member included to satisfy reference by file (symbol)

C:/Users/pete/.pico-sdk/toolchain/14_2_Rel1/bin/../lib/gcc/arm-none-eabi/14.2.1/thumb/v8-m.main+fp/softfp\libm.a(libm_a-wf_sqrt.o)
                              CMakeFiles/samwise-adcs-motor.dir/C_/Users/pete/.pico-sdk/sdk/2.1.1/src/rp2_common/pico_float/float_math.c.obj (sqrtf)
C:/Users/pete/.pico-sdk/toolchain/14_2_Rel1/bin/../lib/gcc/arm-none-eabi/14.2.1/thumb/v8-m.main+fp/softfp\libm.a(libm_a-ef_sqrt.o)
                              C:/Users/pete/.pico-sdk/toolchain/14_2_Rel1/bin/../lib/gcc/arm-none-eabi/14.2.1/thumb/v8-m.main+fp/softfp\libm.a(libm_a-wf_sqrt.o) (__ieee754_sqrtf)
C:/Users/pete/.pico-sdk/toolchain/14_2_Rel1/bin/../lib/gcc/arm-none-eabi/14.2.1/thumb/v8-m.main+fp/softfp\libgcc.a(_arm_addsubdf3.o)
                              CMakeFiles/samwise-adcs-motor.dir/src/main.cpp.obj (__aeabi_f2d)
C:/Users/pete/.pico-sdk/toolchain/14_2_Rel1/bin/../lib/gcc/arm-none-eabi/14.2.1/thumb/v8-m.main+fp/softfp\libgcc.a(_aeabi_ldivmod.o)
                              CMakeFiles/samwise-adcs-motor.dir/C_/Users/pete/.pico-sdk/sdk/2.1.1/src/common/pico_time/time.c.obj (__aeabi_ldivmod)
C:/Users/pete/.pico-sdk/toolchain/14_2_Rel1/bin/../lib/gcc/arm-none-eabi/14.2.1/thumb/v8-m.main+fp/softfp\libgcc.a(_aeabi_uldivmod.o)
                              CMakeFiles/samwise-adcs-motor.dir/C_/Users/pete/.pico-sdk/sdk/2.1.1/src/rp2_common/hardware_clocks/clocks.c.obj (__aeabi_uldivmod)
C:/Users/pete/.pico-sdk/toolchain/14_2_Rel1/bin/../lib/gcc/arm-none-eabi/14.2.1/thumb/v8-m.main+fp/softfp\libgcc.a(_udivmoddi4.o)
                              C:/Users/pete/.pico-sdk/toolchain/14_2_Rel1/bin/../lib/gcc/arm-none-eabi/14.2.1/thumb/v8-m.main+fp/softfp\libgcc.a(_aeabi_ldivmod.o) (__udivmoddi4)
C:/Users/pete/.pico-sdk/toolchain/14_2_Rel1/bin/../lib/gcc/arm-none-eabi/14.2.1/thumb/v8-m.main+fp/softfp\libgcc.a(_dvmd_tls.o)
                              C:/Users/pete/.pico-sdk/toolchain/14_2_Rel1/bin/../lib/gcc/arm-none-eabi/14.2.1/thumb/v8-m.main+fp/softfp\libgcc.a(_aeabi_ldivmod.o) (__aeabi_ldiv0)
C:/Users/pete/.pico-sdk/toolchain/14_2_Rel1/bin/../lib/gcc/arm-none-eabi/14.2.1/thumb/v8-m.main+fp/softfp\libg.a(libc_a-calloc.o)
                              CMakeFiles/samwise-adcs-motor.dir/C_/Users/pete/.pico-sdk/sdk/2.1.1/src/rp2_common/pico_malloc/malloc.c.obj (calloc)
C:/Users/pete/.pico-sdk/toolchain/14_2_Rel1/bin/../lib/gcc/arm-none-eabi/14.2.1/thumb/v8-m.main+fp/softfp\libg.a(libc_a-callocr.o)
                              C:/Users/pete/.pico-sdk/toolchain/14_2_Rel1/bin/../lib/gcc/arm-none-eabi/14.2.1/thumb/v8-m.main+fp/softfp\libg.a(libc_a-calloc.o) (_calloc_r)
C:/Users/pete/.pico-sdk/toolchain/14_2_Rel1/bin/../lib/gcc/arm-none-eabi/14.2.1/thumb/v8-m.main+fp/softfp\libg.a(libc_a-malloc.o)
                              CMakeFiles/samwise-adcs-motor.dir/C_/Users/pete/.pico-sdk/sdk/2.1.1/src/rp2_common/pico_malloc/malloc.c.obj (malloc)
C:/Users/pete/.pico-sdk/toolchain/14_2_Rel1/bin/../lib/gcc/arm-none-eabi/14.2.1/thumb/v8-m.main+fp/softfp\libg.a(libc_a-mallocr.o)
                              C:/Users/pete/.pico-sdk/toolchain/14_2_Rel1/bin/../lib/gcc/arm-none-eabi/14.2.1/thumb/v8-m.main+fp/softfp\libg.a(libc_a-callocr.o) (_malloc_r)
C:/Users/pete/.pico-sdk/toolchain/14_2_Rel1/bin/../lib/gcc/arm-none-eabi/14.2.1/thumb/v8-m.main+fp/softfp\libg.a(libc_a-mlock.o)
                              C:/Users/pete/.pico-sdk/toolchain/14_2_Rel1/bin/../lib/gcc/arm-none-eabi/14.2.1/thumb/v8-m.main+fp/softfp\libg.a(libc_a-mallocr.o) (__malloc_lock)
C:/Users/pete/.pico-sdk/toolchain/14_2_Rel1/bin/../lib/gcc/arm-none-eabi/14.2.1/thumb/v8-m.main+fp/softfp\libg.a(libc_a-realloc.o)
                              CMakeFiles/samwise-adcs-motor.dir/C_/Users/pete/.pico-sdk/sdk/2.1.1/src/rp2_common/pico_malloc/malloc.c.obj (realloc)
C:/Users/pete/.pico-sdk/toolchain/14_2_Rel1/bin/../lib/gcc/arm-none-eabi/14.2.1/thumb/v8-m.main+fp/softfp\libg.a(libc_a-reallocr.o)
                              C:/Users/pete/.pico-sdk/toolchain/14_2_Rel1/bin/../lib/gcc/arm-none-eabi/14.2.1/thumb/v8-m.main+fp/softfp\libg.a(libc_a-realloc.o) (_realloc_r)
C:/Users/pete/.pico-sdk/toolchain/14_2_Rel1/bin/../lib/gcc/arm-none-eabi/14.2.1/thumb/v8-m.main+fp/softfp\libg.a(libc_a-memcmp.o)
                              CMakeFiles/samwise-adcs-motor.dir/C_/Users/pete/.pico-sdk/sdk/2.1.1/src/rp2_common/pico_atomic/atomic.c.obj (memcmp)
C:/Users/pete/.pico-sdk/toolchain/14_2_Rel1/bin/../lib/gcc/arm-none-eabi/14.2.1/thumb/v8-m.main+fp/softfp\libg.a(libc_a-memmove.o)
                              C:/Users/pete/.pico-sdk/toolchain/14_2_Rel1/bin/../lib/gcc/arm-none-eabi/14.2.1/thumb/v8-m.main+fp/softfp\libg.a(libc_a-reallocr.o) (memmove)
C:/Users/pete/.pico-sdk/toolchain/14_2_Rel1/bin/../lib/gcc/arm-none-eabi/14.2.1/thumb/v8-m.main+fp/softfp\libg.a(libc_a-memset.o)
                              C:/Users/pete/.pico-sdk/toolchain/14_2_Rel1/bin/../lib/gcc/arm-none-eabi/14.2.1/thumb/v8-m.main+fp/softfp/crt0.o (memset)
[...]
Memory Configuration

Name             Origin             Length             Attributes
FLASH            0x10000000         0x00400000         xr
RAM              0x20000000         0x00080000         xrw
SCRATCH_X        0x20080000         0x00001000         xrw
SCRATCH_Y        0x20081000         0x00001000         xrw
*default*        0x00000000         0xffffffff

Linker script and memory map

LOAD C:/Users/pete/.pico-sdk/toolchain/14_2_Rel1/bin/../lib/gcc/arm-none-eabi/14.2.1/thumb/v8-m.main+fp/softfp/crti.o
LOAD C:/Users/pete/.pico-sdk/toolchain/14_2_Rel1/bin/../lib/gcc/arm-none-eabi/14.2.1/thumb/v8-m.main+fp/softfp/crtbegin.o
LOAD C:/Users/pete/.pico-sdk/toolchain/14_2_Rel1/bin/../lib/gcc/arm-none-eabi/14.2.1/thumb/v8-m.main+fp/softfp/crt0.o

.flash_begin    0x10000000        0x0
                0x10000000                        __flash_binary_start = .

.text           0x10000000     0x6710
                0x10000000                        __logical_binary_start = .
 *(.vectors)
 .vectors       0x10000000      0x124 CMakeFiles/samwise-adcs-motor.dir/C_/Users/pete/.pico-sdk/sdk/2.1.1/src/rp2_common/pico_crt0/crt0.S.obj
                0x10000000                __VECTOR_TABLE
                0x10000000                __vectors
                0x10000110                __default_isrs_start
                0x10000110                isr_invalid
                0x10000112                isr_nmi
                0x10000114                isr_hardfault
                0x10000116                isr_svcall
                0x10000118                isr_pendsv
                0x1000011a                isr_systick
                0x1000011c                isr_irq31
                0x1000011c                isr_irq5
                0x1000011c                isr_irq11
                0x1000011c                isr_irq32
                0x1000011c                isr_irq23
                0x1000011c                isr_irq48
                0x1000011c                isr_irq35
                0x1000011c                isr_irq18
                0x1000011c                isr_irq50
                0x1000011c                isr_irq27
                0x1000011c                isr_irq40
                0x1000011c                isr_irq28
                0x1000011c                isr_irq19
                0x1000011c                isr_irq36
                0x1000011c                isr_irq41
                0x1000011c                isr_irq0
                0x1000011c                isr_irq6
                0x1000011c                isr_irq45
                0x1000011c                isr_irq12
                0x1000011c                isr_irq37
                0x1000011c                isr_irq42
                0x1000011c                isr_irq22
                0x1000011c                isr_irq43
                0x1000011c                isr_irq17
                0x1000011c                isr_irq38
                0x1000011c                isr_irq14
                0x1000011c                isr_irq13
                0x1000011c                isr_irq2
                0x1000011c                isr_irq10
                0x1000011c                isr_irq8
                0x1000011c                isr_irq24
                0x1000011c                isr_irq46
                0x1000011c                isr_irq1
                0x1000011c                isr_irq47
                0x1000011c                isr_irq51
                0x1000011c                isr_irq7
                0x1000011c                isr_irq21
                0x1000011c                isr_irq39
                0x1000011c                isr_irq20
                0x1000011c                isr_irq15
                0x1000011c                isr_irq25
                0x1000011c                isr_irq34
                0x1000011c                isr_irq49
                0x1000011c                __unhandled_user_irq
                0x1000011c                isr_irq4
                0x1000011c                isr_irq16
                0x1000011c                isr_irq44
                0x1000011c                isr_irq29
                0x1000011c                isr_irq26
                0x1000011c                __default_isrs_end
                0x1000011c                isr_irq33
                0x1000011c                isr_irq3
                0x1000011c                isr_irq30
                0x1000011c                isr_irq9
                0x10000122                unhandled_user_irq_num_in_r0
 *(.binary_info_header)
 .binary_info_header
                0x10000124       0x14 CMakeFiles/samwise-adcs-motor.dir/C_/Users/pete/.pico-sdk/sdk/2.1.1/src/rp2_common/pico_crt0/crt0.S.obj
                0x10000138                        __binary_info_header_end = .
 *(.embedded_block)
 .embedded_block
                0x10000138       0x14 CMakeFiles/samwise-adcs-motor.dir/C_/Users/pete/.pico-sdk/sdk/2.1.1/src/rp2_common/pico_crt0/crt0.S.obj
                0x1000014c                        __embedded_block_end = .
 *(.reset)
 .reset         0x1000014c       0xa0 CMakeFiles/samwise-adcs-motor.dir/C_/Users/pete/.pico-sdk/sdk/2.1.1/src/rp2_common/pico_crt0/crt0.S.obj
                0x1000014c                _entry_point
 *(.init)
 .init          0x100001ec        0x4 C:/Users/pete/.pico-sdk/toolchain/14_2_Rel1/bin/../lib/gcc/arm-none-eabi/14.2.1/thumb/v8-m.main+fp/softfp/crti.o
                0x100001ec                _init
 *libgcc.a:cmse_nonsecure_call.o()
 *(EXCLUDE_FILE(*libm.a: *libc.a:*lib_a-mem*.o *libgcc.a:) .text*)
 .text.register_tm_clones
                0x100001f0       0x28 C:/Users/pete/.pico-sdk/toolchain/14_2_Rel1/bin/../lib/gcc/arm-none-eabi/14.2.1/thumb/v8-m.main+fp/softfp/crtbegin.o
 .text.frame_dummy
                0x10000218       0x24 C:/Users/pete/.pico-sdk/toolchain/14_2_Rel1/bin/../lib/gcc/arm-none-eabi/14.2.1/thumb/v8-m.main+fp/softfp/crtbegin.o
 .text.startup.main
                0x1000023c       0x6c CMakeFiles/samwise-adcs-motor.dir/src/main.cpp.obj
                0x1000023c                main
 .text._Z10adm1176_mkP8i2c_insthf
                0x100002a8        0x8 CMakeFiles/samwise-adcs-motor.dir/src/drivers/adm1176/adm1176.cpp.obj
                0x100002a8                adm1176_mk(i2c_inst*, unsigned char, float)
 .text._Z10adm1176_onP9adm1176_t
                0x100002b0       0xc0 CMakeFiles/samwise-adcs-motor.dir/src/drivers/adm1176/adm1176.cpp.obj
                0x100002b0                adm1176_on(adm1176_t*)
 .text._Z19adm1176_get_voltageP9adm1176_t
                0x10000370       0x9c CMakeFiles/samwise-adcs-motor.dir/src/drivers/adm1176/adm1176.cpp.obj
                0x10000370                adm1176_get_voltage(adm1176_t*)
 .text._Z19adm1176_get_currentP9adm1176_t
                0x1000040c       0xa0 CMakeFiles/samwise-adcs-motor.dir/src/drivers/adm1176/adm1176.cpp.obj
                0x1000040c                adm1176_get_current(adm1176_t*)
 .text._Z4initP7slate_t
                0x100004ac      0x1cc CMakeFiles/samwise-adcs-motor.dir/src/init/init.cpp.obj
                0x100004ac                init(slate_t*)
 .text._Z10motor_initiiiiiii
                0x10000678       0x9c CMakeFiles/samwise-adcs-motor.dir/src/drivers/motor/motor.cpp.obj
                0x10000678                motor_init(int, int, int, int, int, int, int)
 .text.gpio_set_function
                0x10000714       0x3c CMakeFiles/samwise-adcs-motor.dir/C_/Users/pete/.pico-sdk/sdk/2.1.1/src/rp2_common/hardware_gpio/gpio.c.obj
                0x10000714                gpio_set_function
 .text.gpio_set_pulls
                0x10000750       0x28 CMakeFiles/samwise-adcs-motor.dir/C_/Users/pete/.pico-sdk/sdk/2.1.1/src/rp2_common/hardware_gpio/gpio.c.obj
                0x10000750                gpio_set_pulls
 .text.gpio_init
                0x10000778       0x48 CMakeFiles/samwise-adcs-motor.dir/C_/Users/pete/.pico-sdk/sdk/2.1.1/src/rp2_common/hardware_gpio/gpio.c.obj
                0x10000778                gpio_init
 .text.panic    0x100007c0       0x30 CMakeFiles/samwise-adcs-motor.dir/C_/Users/pete/.pico-sdk/sdk/2.1.1/src/rp2_common/pico_platform_panic/panic.c.obj
                0x100007c0                panic
 .text.hw_claim_or_assert
                0x100007f0       0x58 CMakeFiles/samwise-adcs-motor.dir/C_/Users/pete/.pico-sdk/sdk/2.1.1/src/common/hardware_claim/claim.c.obj
                0x100007f0                hw_claim_or_assert
 .text.hw_claim_unused_from_range
                0x10000848       0x80 CMakeFiles/samwise-adcs-motor.dir/C_/Users/pete/.pico-sdk/sdk/2.1.1/src/common/hardware_claim/claim.c.obj
                0x10000848                hw_claim_unused_from_range
 .text.next_striped_spin_lock_num
                0x100008c8       0x18 CMakeFiles/samwise-adcs-motor.dir/C_/Users/pete/.pico-sdk/sdk/2.1.1/src/rp2_common/hardware_sync/sync.c.obj
                0x100008c8                next_striped_spin_lock_num
 .text.spin_lock_claim_unused
                0x100008e0       0x20 CMakeFiles/samwise-adcs-motor.dir/C_/Users/pete/.pico-sdk/sdk/2.1.1/src/rp2_common/hardware_sync/sync.c.obj
                0x100008e0                spin_lock_claim_unused
 .text.spinlock_set_extexclall
                0x10000900       0x10 CMakeFiles/samwise-adcs-motor.dir/C_/Users/pete/.pico-sdk/sdk/2.1.1/src/rp2_common/hardware_sync_spin_lock/sync_spin_lock.c.obj
 .text.spin_locks_reset
                0x10000910       0x18 CMakeFiles/samwise-adcs-motor.dir/C_/Users/pete/.pico-sdk/sdk/2.1.1/src/rp2_common/hardware_sync_spin_lock/sync_spin_lock.c.obj
                0x10000910                spin_locks_reset
 .text.runtime_init_per_core_irq_priorities
                0x10000928       0x40 CMakeFiles/samwise-adcs-motor.dir/C_/Users/pete/.pico-sdk/sdk/2.1.1/src/rp2_common/hardware_irq/irq.c.obj
                0x10000928                runtime_init_per_core_irq_priorities
 .text.irq_set_enabled
                0x10000968       0x2c CMakeFiles/samwise-adcs-motor.dir/C_/Users/pete/.pico-sdk/sdk/2.1.1/src/rp2_common/hardware_irq/irq.c.obj
                0x10000968                irq_set_enabled
 .text.irq_is_enabled
                0x10000994       0x20 CMakeFiles/samwise-adcs-motor.dir/C_/Users/pete/.pico-sdk/sdk/2.1.1/src/rp2_common/hardware_irq/irq.c.obj
                0x10000994                irq_is_enabled
 .text.irq_set_pending
                0x100009b4       0x18 CMakeFiles/samwise-adcs-motor.dir/C_/Users/pete/.pico-sdk/sdk/2.1.1/src/rp2_common/hardware_irq/irq.c.obj
                0x100009b4                irq_set_pending
 .text.irq_has_shared_handler
                0x100009cc       0x20 CMakeFiles/samwise-adcs-motor.dir/C_/Users/pete/.pico-sdk/sdk/2.1.1/src/rp2_common/hardware_irq/irq.c.obj
                0x100009cc                irq_has_shared_handler
 .text.irq_set_exclusive_handler
                0x100009ec       0x60 CMakeFiles/samwise-adcs-motor.dir/C_/Users/pete/.pico-sdk/sdk/2.1.1/src/rp2_common/hardware_irq/irq.c.obj
                0x100009ec                irq_set_exclusive_handler
 .text.irq_add_shared_handler
                0x10000a4c      0x1e8 CMakeFiles/samwise-adcs-motor.dir/C_/Users/pete/.pico-sdk/sdk/2.1.1/src/rp2_common/hardware_irq/irq.c.obj
                0x10000a4c                irq_add_shared_handler
 .text.irq_add_tail_to_free_list
                0x10000c34       0xbc CMakeFiles/samwise-adcs-motor.dir/C_/Users/pete/.pico-sdk/sdk/2.1.1/src/rp2_common/hardware_irq/irq.c.obj
                0x10000c34                irq_add_tail_to_free_list
 .text.user_irq_claim_unused
                0x10000cf0       0x28 CMakeFiles/samwise-adcs-motor.dir/C_/Users/pete/.pico-sdk/sdk/2.1.1/src/rp2_common/hardware_irq/irq.c.obj
                0x10000cf0                user_irq_claim_unused
 .text.lock_init
                0x10000d18        0xc CMakeFiles/samwise-adcs-motor.dir/C_/Users/pete/.pico-sdk/sdk/2.1.1/src/common/pico_sync/lock_core.c.obj
                0x10000d18                lock_init
 .text.runtime_init_mutex
                0x10000d24       0x4c CMakeFiles/samwise-adcs-motor.dir/C_/Users/pete/.pico-sdk/sdk/2.1.1/src/common/pico_sync/mutex.c.obj
                0x10000d24                runtime_init_mutex
 .text.mutex_init
                0x10000d70       0x1c CMakeFiles/samwise-adcs-motor.dir/C_/Users/pete/.pico-sdk/sdk/2.1.1/src/common/pico_sync/mutex.c.obj
                0x10000d70                mutex_init
 .text.critical_section_init
                0x10000d8c       0x1c CMakeFiles/samwise-adcs-motor.dir/C_/Users/pete/.pico-sdk/sdk/2.1.1/src/common/pico_sync/critical_section.c.obj
                0x10000d8c                critical_section_init
 .text.critical_section_init_with_lock_num
                0x10000da8       0x10 CMakeFiles/samwise-adcs-motor.dir/C_/Users/pete/.pico-sdk/sdk/2.1.1/src/common/pico_sync/critical_section.c.obj
                0x10000da8                critical_section_init_with_lock_num
 .text.sleep_until_callback
                0x10000db8       0x3c CMakeFiles/samwise-adcs-motor.dir/C_/Users/pete/.pico-sdk/sdk/2.1.1/src/common/pico_time/time.c.obj
 *fill*         0x10000df4        0x4 
 .text.alarm_pool_irq_handler
                0x10000df8      0x2f0 CMakeFiles/samwise-adcs-motor.dir/C_/Users/pete/.pico-sdk/sdk/2.1.1/src/common/pico_time/time.c.obj
 .text.runtime_init_default_alarm_pool
                0x100010e8      0x100 CMakeFiles/samwise-adcs-motor.dir/C_/Users/pete/.pico-sdk/sdk/2.1.1/src/common/pico_time/time.c.obj
                0x100010e8                runtime_init_default_alarm_pool
 .text.alarm_pool_get_default
                0x100011e8        0x8 CMakeFiles/samwise-adcs-motor.dir/C_/Users/pete/.pico-sdk/sdk/2.1.1/src/common/pico_time/time.c.obj
                0x100011e8                alarm_pool_get_default
 .text.alarm_pool_add_alarm_at
                0x100011f0       0xdc CMakeFiles/samwise-adcs-motor.dir/C_/Users/pete/.pico-sdk/sdk/2.1.1/src/common/pico_time/time.c.obj
                0x100011f0                alarm_pool_add_alarm_at
 .text.alarm_pool_add_alarm_at_force_in_context
                0x100012cc       0xc8 CMakeFiles/samwise-adcs-motor.dir/C_/Users/pete/.pico-sdk/sdk/2.1.1/src/common/pico_time/time.c.obj
                0x100012cc                alarm_pool_add_alarm_at_force_in_context
 .text.alarm_pool_cancel_alarm
                0x10001394       0x80 CMakeFiles/samwise-adcs-motor.dir/C_/Users/pete/.pico-sdk/sdk/2.1.1/src/common/pico_time/time.c.obj
                0x10001394                alarm_pool_cancel_alarm
 .text.alarm_pool_core_num
                0x10001414        0x4 CMakeFiles/samwise-adcs-motor.dir/C_/Users/pete/.pico-sdk/sdk/2.1.1/src/common/pico_time/time.c.obj
                0x10001414                alarm_pool_core_num
 .text.sleep_ms
                0x10001418       0xdc CMakeFiles/samwise-adcs-motor.dir/C_/Users/pete/.pico-sdk/sdk/2.1.1/src/common/pico_time/time.c.obj
                0x10001418                sleep_ms
 .text.best_effort_wfe_or_timeout
                0x100014f4       0xd4 CMakeFiles/samwise-adcs-motor.dir/C_/Users/pete/.pico-sdk/sdk/2.1.1/src/common/pico_time/time.c.obj
                0x100014f4                best_effort_wfe_or_timeout
 .text.check_single_timeout_us
                0x100015c8       0x30 CMakeFiles/samwise-adcs-motor.dir/C_/Users/pete/.pico-sdk/sdk/2.1.1/src/common/pico_time/timeout_helper.c.obj
 .text.init_single_timeout_until
                0x100015f8       0x10 CMakeFiles/samwise-adcs-motor.dir/C_/Users/pete/.pico-sdk/sdk/2.1.1/src/common/pico_time/timeout_helper.c.obj
                0x100015f8                init_single_timeout_until
 .text.timer_hardware_alarm_claim
                0x10001608       0x24 CMakeFiles/samwise-adcs-motor.dir/C_/Users/pete/.pico-sdk/sdk/2.1.1/src/rp2_common/hardware_timer/timer.c.obj
                0x10001608                timer_hardware_alarm_claim
 .text.timer_time_us_64
                0x1000162c       0x10 CMakeFiles/samwise-adcs-motor.dir/C_/Users/pete/.pico-sdk/sdk/2.1.1/src/rp2_common/hardware_timer/timer.c.obj
                0x1000162c                timer_time_us_64
 .text.time_us_64
                0x1000163c       0x14 CMakeFiles/samwise-adcs-motor.dir/C_/Users/pete/.pico-sdk/sdk/2.1.1/src/rp2_common/hardware_timer/timer.c.obj
                0x1000163c                time_us_64
 .text.busy_wait_until
                0x10001650       0x24 CMakeFiles/samwise-adcs-motor.dir/C_/Users/pete/.pico-sdk/sdk/2.1.1/src/rp2_common/hardware_timer/timer.c.obj
                0x10001650                busy_wait_until
 .text.clock_configure_undivided
                0x10001674       0xd0 CMakeFiles/samwise-adcs-motor.dir/C_/Users/pete/.pico-sdk/sdk/2.1.1/src/rp2_common/hardware_clocks/clocks.c.obj
                0x10001674                clock_configure_undivided
 .text.clock_get_hz
                0x10001744        0xc CMakeFiles/samwise-adcs-motor.dir/C_/Users/pete/.pico-sdk/sdk/2.1.1/src/rp2_common/hardware_clocks/clocks.c.obj
                0x10001744                clock_get_hz
 .text.pll_init
                0x10001750       0x8c CMakeFiles/samwise-adcs-motor.dir/C_/Users/pete/.pico-sdk/sdk/2.1.1/src/rp2_common/hardware_pll/pll.c.obj
                0x10001750                pll_init
 .text.watchdog_reboot
                0x100017dc       0x98 CMakeFiles/samwise-adcs-motor.dir/C_/Users/pete/.pico-sdk/sdk/2.1.1/src/rp2_common/hardware_watchdog/watchdog.c.obj
                0x100017dc                watchdog_reboot
 .text.tick_start
                0x10001874       0x18 CMakeFiles/samwise-adcs-motor.dir/C_/Users/pete/.pico-sdk/sdk/2.1.1/src/rp2_common/hardware_ticks/ticks.c.obj
                0x10001874                tick_start
 .text.rom_reboot.constprop.0.isra.0
                0x1000188c       0x34 CMakeFiles/samwise-adcs-motor.dir/C_/Users/pete/.pico-sdk/sdk/2.1.1/src/rp2_common/pico_bootrom/bootrom.c.obj
 .text.rom_func_lookup
                0x100018c0       0x18 CMakeFiles/samwise-adcs-motor.dir/C_/Users/pete/.pico-sdk/sdk/2.1.1/src/rp2_common/pico_bootrom/bootrom.c.obj
                0x100018c0                rom_func_lookup
 .text.rom_reset_usb_boot_extra
                0x100018d8       0x1c CMakeFiles/samwise-adcs-motor.dir/C_/Users/pete/.pico-sdk/sdk/2.1.1/src/rp2_common/pico_bootrom/bootrom.c.obj
                0x100018d8                rom_reset_usb_boot_extra
 .text.runtime_init_bootrom_locking_enable
                0x100018f4       0x14 CMakeFiles/samwise-adcs-motor.dir/C_/Users/pete/.pico-sdk/sdk/2.1.1/src/rp2_common/pico_bootrom/bootrom_lock.c.obj
                0x100018f4                runtime_init_bootrom_locking_enable
 .text.runtime_init_boot_locks_reset
                0x10001908       0x1c CMakeFiles/samwise-adcs-motor.dir/C_/Users/pete/.pico-sdk/sdk/2.1.1/src/rp2_common/hardware_boot_lock/boot_lock.c.obj
                0x10001908                runtime_init_boot_locks_reset
 .text.xosc_init
                0x10001924       0x30 CMakeFiles/samwise-adcs-motor.dir/C_/Users/pete/.pico-sdk/sdk/2.1.1/src/rp2_common/hardware_xosc/xosc.c.obj
                0x10001924                xosc_init
 .text.first_per_core_initializer
                0x10001954        0x4 CMakeFiles/samwise-adcs-motor.dir/C_/Users/pete/.pico-sdk/sdk/2.1.1/src/rp2_common/pico_runtime/runtime.c.obj
 .text.hard_assertion_failure
                0x10001958        0xc CMakeFiles/samwise-adcs-motor.dir/C_/Users/pete/.pico-sdk/sdk/2.1.1/src/rp2_common/pico_runtime/runtime.c.obj
                0x10001958                hard_assertion_failure
 .text.runtime_run_initializers
                0x10001964       0x20 CMakeFiles/samwise-adcs-motor.dir/C_/Users/pete/.pico-sdk/sdk/2.1.1/src/rp2_common/pico_runtime/runtime.c.obj
                0x10001964                runtime_run_initializers
 .text.runtime_init_early_resets
                0x10001984       0x34 CMakeFiles/samwise-adcs-motor.dir/C_/Users/pete/.pico-sdk/sdk/2.1.1/src/rp2_common/pico_runtime_init/runtime_init.c.obj
                0x10001984                runtime_init_early_resets
 .text.runtime_init_usb_power_down
                0x100019b8       0x1c CMakeFiles/samwise-adcs-motor.dir/C_/Users/pete/.pico-sdk/sdk/2.1.1/src/rp2_common/pico_runtime_init/runtime_init.c.obj
                0x100019b8                runtime_init_usb_power_down
 .text.runtime_init_per_core_enable_coprocessors
                0x100019d4       0x1c CMakeFiles/samwise-adcs-motor.dir/C_/Users/pete/.pico-sdk/sdk/2.1.1/src/rp2_common/pico_runtime_init/runtime_init.c.obj
                0x100019d4                runtime_init_per_core_enable_coprocessors
 .text.runtime_init_post_clock_resets
                0x100019f0       0x20 CMakeFiles/samwise-adcs-motor.dir/C_/Users/pete/.pico-sdk/sdk/2.1.1/src/rp2_common/pico_runtime_init/runtime_init.c.obj
                0x100019f0                runtime_init_post_clock_resets
 .text.runtime_init_bootrom_reset
                0x10001a10       0x14 CMakeFiles/samwise-adcs-motor.dir/C_/Users/pete/.pico-sdk/sdk/2.1.1/src/rp2_common/pico_runtime_init/runtime_init.c.obj
                0x10001a10                runtime_init_bootrom_reset
 .text.runtime_init_per_core_bootrom_reset
                0x10001a24       0x14 CMakeFiles/samwise-adcs-motor.dir/C_/Users/pete/.pico-sdk/sdk/2.1.1/src/rp2_common/pico_runtime_init/runtime_init.c.obj
                0x10001a24                runtime_init_per_core_bootrom_reset
 .text.runtime_init_spin_locks_reset
                0x10001a38        0x4 CMakeFiles/samwise-adcs-motor.dir/C_/Users/pete/.pico-sdk/sdk/2.1.1/src/rp2_common/pico_runtime_init/runtime_init.c.obj
                0x10001a38                runtime_init_spin_locks_reset
 .text.runtime_init_install_ram_vector_table
                0x10001a3c       0x20 CMakeFiles/samwise-adcs-motor.dir/C_/Users/pete/.pico-sdk/sdk/2.1.1/src/rp2_common/pico_runtime_init/runtime_init.c.obj
                0x10001a3c                runtime_init_install_ram_vector_table
 .text.runtime_init_clocks
                0x10001a5c       0xdc CMakeFiles/samwise-adcs-motor.dir/C_/Users/pete/.pico-sdk/sdk/2.1.1/src/rp2_common/pico_runtime_init/runtime_init_clocks.c.obj
                0x10001a5c                runtime_init_clocks
 .text.__rp2350_dcp_engaged_state_save_restore
                0x10001b38       0x3a CMakeFiles/samwise-adcs-motor.dir/C_/Users/pete/.pico-sdk/sdk/2.1.1/src/rp2_common/pico_double/double_aeabi_dcp.S.obj
 *fill*         0x10001b72        0x2 
 .text.__wrap___aeabi_dadd
                0x10001b74       0x28 CMakeFiles/samwise-adcs-motor.dir/C_/Users/pete/.pico-sdk/sdk/2.1.1/src/rp2_common/pico_double/double_aeabi_dcp.S.obj
                0x10001b7c                __wrap___aeabi_dadd
 .text.__wrap___aeabi_dsub
                0x10001b9c       0x28 CMakeFiles/samwise-adcs-motor.dir/C_/Users/pete/.pico-sdk/sdk/2.1.1/src/rp2_common/pico_double/double_aeabi_dcp.S.obj
                0x10001ba4                __wrap___aeabi_dsub
 .text.__wrap___aeabi_dmul
                0x10001bc4       0x4c CMakeFiles/samwise-adcs-motor.dir/C_/Users/pete/.pico-sdk/sdk/2.1.1/src/rp2_common/pico_double/double_aeabi_dcp.S.obj
                0x10001bcc                __wrap___aeabi_dmul
 .text.__wrap___aeabi_ddiv
                0x10001c10       0x9c CMakeFiles/samwise-adcs-motor.dir/C_/Users/pete/.pico-sdk/sdk/2.1.1/src/rp2_common/pico_double/double_aeabi_dcp.S.obj
                0x10001c18                __wrap___aeabi_ddiv
 .text.__wrap___aeabi_i2d
                0x10001cac       0x24 CMakeFiles/samwise-adcs-motor.dir/C_/Users/pete/.pico-sdk/sdk/2.1.1/src/rp2_common/pico_double/double_aeabi_dcp.S.obj
                0x10001cb4                int2double
                0x10001cb4                __wrap___aeabi_i2d
 .text.__wrap___aeabi_ui2d
                0x10001cd0       0x24 CMakeFiles/samwise-adcs-motor.dir/C_/Users/pete/.pico-sdk/sdk/2.1.1/src/rp2_common/pico_double/double_aeabi_dcp.S.obj
                0x10001cd8                uint2double
                0x10001cd8                __wrap___aeabi_ui2d
 .text.__wrap___aeabi_d2iz
                0x10001cf4       0x24 CMakeFiles/samwise-adcs-motor.dir/C_/Users/pete/.pico-sdk/sdk/2.1.1/src/rp2_common/pico_double/double_aeabi_dcp.S.obj
                0x10001cfc                double2int_z
                0x10001cfc                __wrap___aeabi_d2iz
 .text.__wrap___aeabi_d2uiz
                0x10001d18       0x24 CMakeFiles/samwise-adcs-motor.dir/C_/Users/pete/.pico-sdk/sdk/2.1.1/src/rp2_common/pico_double/double_aeabi_dcp.S.obj
                0x10001d20                double2uint
                0x10001d20                __wrap___aeabi_d2uiz
                0x10001d20                double2uint_z
 .text.__wrap___aeabi_dcmpun
                0x10001d3c       0x24 CMakeFiles/samwise-adcs-motor.dir/C_/Users/pete/.pico-sdk/sdk/2.1.1/src/rp2_common/pico_double/double_aeabi_dcp.S.obj
                0x10001d44                __wrap___aeabi_dcmpun
 .text.__wrap___aeabi_dcmplt
                0x10001d60       0x28 CMakeFiles/samwise-adcs-motor.dir/C_/Users/pete/.pico-sdk/sdk/2.1.1/src/rp2_common/pico_double/double_aeabi_dcp.S.obj
                0x10001d68                __wrap___aeabi_dcmplt
 .text.__wrap___aeabi_dcmple
                0x10001d88       0x28 CMakeFiles/samwise-adcs-motor.dir/C_/Users/pete/.pico-sdk/sdk/2.1.1/src/rp2_common/pico_double/double_aeabi_dcp.S.obj
                0x10001d90                __wrap___aeabi_dcmple
 .text.__wrap___aeabi_dcmpge
                0x10001db0       0x28 CMakeFiles/samwise-adcs-motor.dir/C_/Users/pete/.pico-sdk/sdk/2.1.1/src/rp2_common/pico_double/double_aeabi_dcp.S.obj
                0x10001db8                __wrap___aeabi_dcmpge
 .text.__wrap___aeabi_dcmpgt
                0x10001dd8       0x28 CMakeFiles/samwise-adcs-motor.dir/C_/Users/pete/.pico-sdk/sdk/2.1.1/src/rp2_common/pico_double/double_aeabi_dcp.S.obj
                0x10001de0                __wrap___aeabi_dcmpgt
 .text._out_null
                0x10001e00        0x4 CMakeFiles/samwise-adcs-motor.dir/C_/Users/pete/.pico-sdk/sdk/2.1.1/src/rp2_common/pico_printf/printf.c.obj
 .text._out_rev
                0x10001e04       0x9c CMakeFiles/samwise-adcs-motor.dir/C_/Users/pete/.pico-sdk/sdk/2.1.1/src/rp2_common/pico_printf/printf.c.obj
 .text._ntoa_format
                0x10001ea0      0x1d4 CMakeFiles/samwise-adcs-motor.dir/C_/Users/pete/.pico-sdk/sdk/2.1.1/src/rp2_common/pico_printf/printf.c.obj
 .text._out_char
                0x10002074        0x8 CMakeFiles/samwise-adcs-motor.dir/C_/Users/pete/.pico-sdk/sdk/2.1.1/src/rp2_common/pico_printf/printf.c.obj
 .text._out_fct
                0x1000207c        0xc CMakeFiles/samwise-adcs-motor.dir/C_/Users/pete/.pico-sdk/sdk/2.1.1/src/rp2_common/pico_printf/printf.c.obj
 .text._ftoa    0x10002088      0x4bc CMakeFiles/samwise-adcs-motor.dir/C_/Users/pete/.pico-sdk/sdk/2.1.1/src/rp2_common/pico_printf/printf.c.obj
 *fill*         0x10002544        0x4 
 .text._etoa    0x10002548      0x574 CMakeFiles/samwise-adcs-motor.dir/C_/Users/pete/.pico-sdk/sdk/2.1.1/src/rp2_common/pico_printf/printf.c.obj
 .text._vsnprintf
                0x10002abc      0x9e4 CMakeFiles/samwise-adcs-motor.dir/C_/Users/pete/.pico-sdk/sdk/2.1.1/src/rp2_common/pico_printf/printf.c.obj
 .text.vfctprintf
                0x100034a0       0x28 CMakeFiles/samwise-adcs-motor.dir/C_/Users/pete/.pico-sdk/sdk/2.1.1/src/rp2_common/pico_printf/printf.c.obj
                0x100034a0                vfctprintf
 .text.weak_raw_vprintf
                0x100034c8       0x30 CMakeFiles/samwise-adcs-motor.dir/C_/Users/pete/.pico-sdk/sdk/2.1.1/src/rp2_common/pico_printf/printf.c.obj
                0x100034c8                weak_raw_vprintf
 .text._exit    0x100034f8        0x4 CMakeFiles/samwise-adcs-motor.dir/C_/Users/pete/.pico-sdk/sdk/2.1.1/src/rp2_common/pico_clib_interface/newlib_interface.c.obj
                0x100034f8                _exit
 .text.exit     0x100034fc        0x8 CMakeFiles/samwise-adcs-motor.dir/C_/Users/pete/.pico-sdk/sdk/2.1.1/src/rp2_common/pico_clib_interface/newlib_interface.c.obj
                0x100034fc                exit
 .text.runtime_init
                0x10003504       0x24 CMakeFiles/samwise-adcs-motor.dir/C_/Users/pete/.pico-sdk/sdk/2.1.1/src/rp2_common/pico_clib_interface/newlib_interface.c.obj
                0x10003504                runtime_init
 .text.stdio_out_chars_no_crlf
                0x10003528        0x8 CMakeFiles/samwise-adcs-motor.dir/C_/Users/pete/.pico-sdk/sdk/2.1.1/src/rp2_common/pico_stdio/stdio.c.obj
 .text.stdio_out_chars_crlf
                0x10003530       0xb0 CMakeFiles/samwise-adcs-motor.dir/C_/Users/pete/.pico-sdk/sdk/2.1.1/src/rp2_common/pico_stdio/stdio.c.obj
 .text.stdio_buffered_printer
                0x100035e0       0x60 CMakeFiles/samwise-adcs-motor.dir/C_/Users/pete/.pico-sdk/sdk/2.1.1/src/rp2_common/pico_stdio/stdio.c.obj
 .text.stdio_put_string
                0x10003640       0xec CMakeFiles/samwise-adcs-motor.dir/C_/Users/pete/.pico-sdk/sdk/2.1.1/src/rp2_common/pico_stdio/stdio.c.obj
                0x10003640                stdio_put_string
 .text.stdio_set_driver_enabled
                0x1000372c       0x28 CMakeFiles/samwise-adcs-motor.dir/C_/Users/pete/.pico-sdk/sdk/2.1.1/src/rp2_common/pico_stdio/stdio.c.obj
                0x1000372c                stdio_set_driver_enabled
 .text.stdio_init_all
                0x10003754        0x4 CMakeFiles/samwise-adcs-motor.dir/C_/Users/pete/.pico-sdk/sdk/2.1.1/src/rp2_common/pico_stdio/stdio.c.obj
                0x10003754                stdio_init_all
 .text.__wrap_putchar
                0x10003758       0x84 CMakeFiles/samwise-adcs-motor.dir/C_/Users/pete/.pico-sdk/sdk/2.1.1/src/rp2_common/pico_stdio/stdio.c.obj
                0x10003758                __wrap_putchar
                0x10003758                stdio_putchar
 .text.__wrap_puts
                0x100037dc       0x3c CMakeFiles/samwise-adcs-motor.dir/C_/Users/pete/.pico-sdk/sdk/2.1.1/src/rp2_common/pico_stdio/stdio.c.obj
                0x100037dc                stdio_puts
                0x100037dc                __wrap_puts
 .text.__wrap_vprintf
                0x10003818       0xc4 CMakeFiles/samwise-adcs-motor.dir/C_/Users/pete/.pico-sdk/sdk/2.1.1/src/rp2_common/pico_stdio/stdio.c.obj
                0x10003818                stdio_vprintf
                0x10003818                __wrap_vprintf
 .text.__wrap_printf
                0x100038dc       0x1c CMakeFiles/samwise-adcs-motor.dir/C_/Users/pete/.pico-sdk/sdk/2.1.1/src/rp2_common/pico_stdio/stdio.c.obj
                0x100038dc                __wrap_printf
                0x100038dc                stdio_printf
 .text.resetd_init
                0x100038f8        0x4 CMakeFiles/samwise-adcs-motor.dir/C_/Users/pete/.pico-sdk/sdk/2.1.1/src/rp2_common/pico_stdio_usb/reset_interface.c.obj
 .text.resetd_reset
                0x100038fc        0xc CMakeFiles/samwise-adcs-motor.dir/C_/Users/pete/.pico-sdk/sdk/2.1.1/src/rp2_common/pico_stdio_usb/reset_interface.c.obj
 .text.resetd_open
                0x10003908       0x28 CMakeFiles/samwise-adcs-motor.dir/C_/Users/pete/.pico-sdk/sdk/2.1.1/src/rp2_common/pico_stdio_usb/reset_interface.c.obj
 .text.resetd_xfer_cb
                0x10003930        0x4 CMakeFiles/samwise-adcs-motor.dir/C_/Users/pete/.pico-sdk/sdk/2.1.1/src/rp2_common/pico_stdio_usb/reset_interface.c.obj
 .text.resetd_control_xfer_cb
                0x10003934       0x50 CMakeFiles/samwise-adcs-motor.dir/C_/Users/pete/.pico-sdk/sdk/2.1.1/src/rp2_common/pico_stdio_usb/reset_interface.c.obj
 .text.tud_descriptor_bos_cb
                0x10003984        0x8 CMakeFiles/samwise-adcs-motor.dir/C_/Users/pete/.pico-sdk/sdk/2.1.1/src/rp2_common/pico_stdio_usb/reset_interface.c.obj
                0x10003984                tud_descriptor_bos_cb
 .text.tud_vendor_control_xfer_cb
                0x1000398c       0x28 CMakeFiles/samwise-adcs-motor.dir/C_/Users/pete/.pico-sdk/sdk/2.1.1/src/rp2_common/pico_stdio_usb/reset_interface.c.obj
                0x1000398c                tud_vendor_control_xfer_cb
 .text.usbd_app_driver_get_cb
                0x100039b4       0x10 CMakeFiles/samwise-adcs-motor.dir/C_/Users/pete/.pico-sdk/sdk/2.1.1/src/rp2_common/pico_stdio_usb/reset_interface.c.obj
                0x100039b4                usbd_app_driver_get_cb
 .text.tud_cdc_line_coding_cb
                0x100039c4       0x18 CMakeFiles/samwise-adcs-motor.dir/C_/Users/pete/.pico-sdk/sdk/2.1.1/src/rp2_common/pico_stdio_usb/reset_interface.c.obj
                0x100039c4                tud_cdc_line_coding_cb
 .text.stdio_usb_set_chars_available_callback
                0x100039dc       0x14 CMakeFiles/samwise-adcs-motor.dir/C_/Users/pete/.pico-sdk/sdk/2.1.1/src/rp2_common/pico_stdio_usb/stdio_usb.c.obj
                0x100039dc                stdio_usb_set_chars_available_callback
 .text.timer_task
                0x100039f0       0x70 CMakeFiles/samwise-adcs-motor.dir/C_/Users/pete/.pico-sdk/sdk/2.1.1/src/rp2_common/pico_stdio_usb/stdio_usb.c.obj
 .text.usb_irq  0x10003a60        0xc CMakeFiles/samwise-adcs-motor.dir/C_/Users/pete/.pico-sdk/sdk/2.1.1/src/rp2_common/pico_stdio_usb/stdio_usb.c.obj
 .text.stdio_usb_in_chars
                0x10003a6c       0x88 CMakeFiles/samwise-adcs-motor.dir/C_/Users/pete/.pico-sdk/sdk/2.1.1/src/rp2_common/pico_stdio_usb/stdio_usb.c.obj
                0x10003a6c                stdio_usb_in_chars
 .text.stdio_usb_out_flush
                0x10003af4       0x54 CMakeFiles/samwise-adcs-motor.dir/C_/Users/pete/.pico-sdk/sdk/2.1.1/src/rp2_common/pico_stdio_usb/stdio_usb.c.obj
 .text.stdio_usb_out_chars
                0x10003b48       0xf4 CMakeFiles/samwise-adcs-motor.dir/C_/Users/pete/.pico-sdk/sdk/2.1.1/src/rp2_common/pico_stdio_usb/stdio_usb.c.obj
 .text.low_priority_worker_irq
                0x10003c3c       0xd8 CMakeFiles/samwise-adcs-motor.dir/C_/Users/pete/.pico-sdk/sdk/2.1.1/src/rp2_common/pico_stdio_usb/stdio_usb.c.obj
 .text.stdio_usb_init
                0x10003d14       0xe8 CMakeFiles/samwise-adcs-motor.dir/C_/Users/pete/.pico-sdk/sdk/2.1.1/src/rp2_common/pico_stdio_usb/stdio_usb.c.obj
                0x10003d14                stdio_usb_init
 .text.tud_descriptor_device_cb
                0x10003dfc        0x8 CMakeFiles/samwise-adcs-motor.dir/C_/Users/pete/.pico-sdk/sdk/2.1.1/src/rp2_common/pico_stdio_usb/stdio_usb_descriptors.c.obj
                0x10003dfc                tud_descriptor_device_cb
 .text.tud_descriptor_configuration_cb
                0x10003e04        0x8 CMakeFiles/samwise-adcs-motor.dir/C_/Users/pete/.pico-sdk/sdk/2.1.1/src/rp2_common/pico_stdio_usb/stdio_usb_descriptors.c.obj
                0x10003e04                tud_descriptor_configuration_cb
 .text.tud_descriptor_string_cb
                0x10003e0c       0x70 CMakeFiles/samwise-adcs-motor.dir/C_/Users/pete/.pico-sdk/sdk/2.1.1/src/rp2_common/pico_stdio_usb/stdio_usb_descriptors.c.obj
                0x10003e0c                tud_descriptor_string_cb
 .text.startup._retrieve_unique_id_on_boot
                0x10003e7c       0x30 CMakeFiles/samwise-adcs-motor.dir/C_/Users/pete/.pico-sdk/sdk/2.1.1/src/rp2_common/pico_unique_id/unique_id.c.obj
 .text.pico_get_unique_board_id_string
                0x10003eac      0x184 CMakeFiles/samwise-adcs-motor.dir/C_/Users/pete/.pico-sdk/sdk/2.1.1/src/rp2_common/pico_unique_id/unique_id.c.obj
                0x10003eac                pico_get_unique_board_id_string
 .text.dcd_init
                0x10004030       0x8c CMakeFiles/samwise-adcs-motor.dir/C_/Users/pete/.pico-sdk/sdk/2.1.1/lib/tinyusb/src/portable/raspberrypi/rp2040/dcd_rp2040.c.obj
                0x10004030                dcd_init
 .text.dcd_int_enable
                0x100040bc        0x8 CMakeFiles/samwise-adcs-motor.dir/C_/Users/pete/.pico-sdk/sdk/2.1.1/lib/tinyusb/src/portable/raspberrypi/rp2040/dcd_rp2040.c.obj
                0x100040bc                dcd_int_enable
 .text.dcd_set_address
                0x100040c4       0x10 CMakeFiles/samwise-adcs-motor.dir/C_/Users/pete/.pico-sdk/sdk/2.1.1/lib/tinyusb/src/portable/raspberrypi/rp2040/dcd_rp2040.c.obj
                0x100040c4                dcd_set_address
 .text.dcd_sof_enable
                0x100040d4       0x1c CMakeFiles/samwise-adcs-motor.dir/C_/Users/pete/.pico-sdk/sdk/2.1.1/lib/tinyusb/src/portable/raspberrypi/rp2040/dcd_rp2040.c.obj
                0x100040d4                dcd_sof_enable
 .text.dcd_edpt0_status_complete
                0x100040f0       0x1c CMakeFiles/samwise-adcs-motor.dir/C_/Users/pete/.pico-sdk/sdk/2.1.1/lib/tinyusb/src/portable/raspberrypi/rp2040/dcd_rp2040.c.obj
                0x100040f0                dcd_edpt0_status_complete
 .text.dcd_edpt_open
                0x1000410c      0x104 CMakeFiles/samwise-adcs-motor.dir/C_/Users/pete/.pico-sdk/sdk/2.1.1/lib/tinyusb/src/portable/raspberrypi/rp2040/dcd_rp2040.c.obj
                0x1000410c                dcd_edpt_open
 .text.dcd_edpt_close_all
                0x10004210        0x4 CMakeFiles/samwise-adcs-motor.dir/C_/Users/pete/.pico-sdk/sdk/2.1.1/lib/tinyusb/src/portable/raspberrypi/rp2040/dcd_rp2040.c.obj
                0x10004210                dcd_edpt_close_all
 .text.dcd_edpt_xfer
                0x10004214       0x28 CMakeFiles/samwise-adcs-motor.dir/C_/Users/pete/.pico-sdk/sdk/2.1.1/lib/tinyusb/src/portable/raspberrypi/rp2040/dcd_rp2040.c.obj
                0x10004214                dcd_edpt_xfer
 .text.dcd_edpt_stall
                0x1000423c       0x30 CMakeFiles/samwise-adcs-motor.dir/C_/Users/pete/.pico-sdk/sdk/2.1.1/lib/tinyusb/src/portable/raspberrypi/rp2040/dcd_rp2040.c.obj
                0x1000423c                dcd_edpt_stall
 .text.dcd_edpt_clear_stall
                0x1000426c       0x24 CMakeFiles/samwise-adcs-motor.dir/C_/Users/pete/.pico-sdk/sdk/2.1.1/lib/tinyusb/src/portable/raspberrypi/rp2040/dcd_rp2040.c.obj
                0x1000426c                dcd_edpt_clear_stall
 .text.rp2040_usb_init
                0x10004290       0x40 CMakeFiles/samwise-adcs-motor.dir/C_/Users/pete/.pico-sdk/sdk/2.1.1/lib/tinyusb/src/portable/raspberrypi/rp2040/rp2040_usb.c.obj
                0x10004290                rp2040_usb_init
 .text.hw_endpoint_xfer_start
                0x100042d0       0x40 CMakeFiles/samwise-adcs-motor.dir/C_/Users/pete/.pico-sdk/sdk/2.1.1/lib/tinyusb/src/portable/raspberrypi/rp2040/rp2040_usb.c.obj
                0x100042d0                hw_endpoint_xfer_start
 .text.configuration_reset
                0x10004310       0x8c CMakeFiles/samwise-adcs-motor.dir/C_/Users/pete/.pico-sdk/sdk/2.1.1/lib/tinyusb/src/device/usbd.c.obj
 .text.tud_event_hook_cb
                0x1000439c        0x4 CMakeFiles/samwise-adcs-motor.dir/C_/Users/pete/.pico-sdk/sdk/2.1.1/lib/tinyusb/src/device/usbd.c.obj
                0x1000439c                tud_event_hook_cb
 .text.tud_sof_cb
                0x100043a0        0x4 CMakeFiles/samwise-adcs-motor.dir/C_/Users/pete/.pico-sdk/sdk/2.1.1/lib/tinyusb/src/device/usbd.c.obj
                0x100043a0                tud_sof_cb
 .text.tud_descriptor_device_qualifier_cb
                0x100043a4        0x4 CMakeFiles/samwise-adcs-motor.dir/C_/Users/pete/.pico-sdk/sdk/2.1.1/lib/tinyusb/src/device/usbd.c.obj
                0x100043a4                tud_descriptor_device_qualifier_cb
 .text.tud_descriptor_other_speed_configuration_cb
                0x100043a8        0x4 CMakeFiles/samwise-adcs-motor.dir/C_/Users/pete/.pico-sdk/sdk/2.1.1/lib/tinyusb/src/device/usbd.c.obj
                0x100043a8                tud_descriptor_other_speed_configuration_cb
 .text.tud_mount_cb
                0x100043ac        0x4 CMakeFiles/samwise-adcs-motor.dir/C_/Users/pete/.pico-sdk/sdk/2.1.1/lib/tinyusb/src/device/usbd.c.obj
                0x100043ac                tud_mount_cb
 .text.tud_umount_cb
                0x100043b0        0x4 CMakeFiles/samwise-adcs-motor.dir/C_/Users/pete/.pico-sdk/sdk/2.1.1/lib/tinyusb/src/device/usbd.c.obj
                0x100043b0                tud_umount_cb
 .text.tud_suspend_cb
                0x100043b4        0x4 CMakeFiles/samwise-adcs-motor.dir/C_/Users/pete/.pico-sdk/sdk/2.1.1/lib/tinyusb/src/device/usbd.c.obj
                0x100043b4                tud_suspend_cb
 .text.tud_resume_cb
                0x100043b8        0x4 CMakeFiles/samwise-adcs-motor.dir/C_/Users/pete/.pico-sdk/sdk/2.1.1/lib/tinyusb/src/device/usbd.c.obj
                0x100043b8                tud_resume_cb
 .text.tud_mounted
                0x100043bc       0x10 CMakeFiles/samwise-adcs-motor.dir/C_/Users/pete/.pico-sdk/sdk/2.1.1/lib/tinyusb/src/device/usbd.c.obj
                0x100043bc                tud_mounted
 .text.tud_suspended
                0x100043cc       0x10 CMakeFiles/samwise-adcs-motor.dir/C_/Users/pete/.pico-sdk/sdk/2.1.1/lib/tinyusb/src/device/usbd.c.obj
                0x100043cc                tud_suspended
 .text.tud_rhport_init
                0x100043dc       0xf4 CMakeFiles/samwise-adcs-motor.dir/C_/Users/pete/.pico-sdk/sdk/2.1.1/lib/tinyusb/src/device/usbd.c.obj
                0x100043dc                tud_rhport_init
 .text.tud_task_ext
                0x100044d0      0x784 CMakeFiles/samwise-adcs-motor.dir/C_/Users/pete/.pico-sdk/sdk/2.1.1/lib/tinyusb/src/device/usbd.c.obj
                0x100044d0                tud_task_ext
 .text.usbd_open_edpt_pair
                0x10004c54       0x9c CMakeFiles/samwise-adcs-motor.dir/C_/Users/pete/.pico-sdk/sdk/2.1.1/lib/tinyusb/src/device/usbd.c.obj
                0x10004c54                usbd_open_edpt_pair
 .text.usbd_edpt_open
                0x10004cf0       0x44 CMakeFiles/samwise-adcs-motor.dir/C_/Users/pete/.pico-sdk/sdk/2.1.1/lib/tinyusb/src/device/usbd.c.obj
                0x10004cf0                usbd_edpt_open
 .text.usbd_edpt_claim
                0x10004d34       0x24 CMakeFiles/samwise-adcs-motor.dir/C_/Users/pete/.pico-sdk/sdk/2.1.1/lib/tinyusb/src/device/usbd.c.obj
                0x10004d34                usbd_edpt_claim
 .text.usbd_edpt_release
                0x10004d58       0x24 CMakeFiles/samwise-adcs-motor.dir/C_/Users/pete/.pico-sdk/sdk/2.1.1/lib/tinyusb/src/device/usbd.c.obj
                0x10004d58                usbd_edpt_release
 .text.usbd_edpt_xfer
                0x10004d7c       0x70 CMakeFiles/samwise-adcs-motor.dir/C_/Users/pete/.pico-sdk/sdk/2.1.1/lib/tinyusb/src/device/usbd.c.obj
                0x10004d7c                usbd_edpt_xfer
 .text.tud_control_status
                0x10004dec       0x34 CMakeFiles/samwise-adcs-motor.dir/C_/Users/pete/.pico-sdk/sdk/2.1.1/lib/tinyusb/src/device/usbd_control.c.obj
                0x10004dec                tud_control_status
 .text.tud_control_xfer
                0x10004e20       0xb0 CMakeFiles/samwise-adcs-motor.dir/C_/Users/pete/.pico-sdk/sdk/2.1.1/lib/tinyusb/src/device/usbd_control.c.obj
                0x10004e20                tud_control_xfer
 .text.usbd_control_reset
                0x10004ed0       0x14 CMakeFiles/samwise-adcs-motor.dir/C_/Users/pete/.pico-sdk/sdk/2.1.1/lib/tinyusb/src/device/usbd_control.c.obj
                0x10004ed0                usbd_control_reset
 .text.usbd_control_set_complete_callback
                0x10004ee4        0xc CMakeFiles/samwise-adcs-motor.dir/C_/Users/pete/.pico-sdk/sdk/2.1.1/lib/tinyusb/src/device/usbd_control.c.obj
                0x10004ee4                usbd_control_set_complete_callback
 .text.usbd_control_set_request
                0x10004ef0       0x1c CMakeFiles/samwise-adcs-motor.dir/C_/Users/pete/.pico-sdk/sdk/2.1.1/lib/tinyusb/src/device/usbd_control.c.obj
                0x10004ef0                usbd_control_set_request
 .text.usbd_control_xfer_cb
                0x10004f0c      0x100 CMakeFiles/samwise-adcs-motor.dir/C_/Users/pete/.pico-sdk/sdk/2.1.1/lib/tinyusb/src/device/usbd_control.c.obj
                0x10004f0c                usbd_control_xfer_cb
 .text._prep_out_transaction.isra.0
                0x1000500c       0x74 CMakeFiles/samwise-adcs-motor.dir/C_/Users/pete/.pico-sdk/sdk/2.1.1/lib/tinyusb/src/class/cdc/cdc_device.c.obj
 .text.tud_cdc_n_connected
                0x10005080       0x2c CMakeFiles/samwise-adcs-motor.dir/C_/Users/pete/.pico-sdk/sdk/2.1.1/lib/tinyusb/src/class/cdc/cdc_device.c.obj
                0x10005080                tud_cdc_n_connected
 .text.tud_cdc_n_available
                0x100050ac       0x14 CMakeFiles/samwise-adcs-motor.dir/C_/Users/pete/.pico-sdk/sdk/2.1.1/lib/tinyusb/src/class/cdc/cdc_device.c.obj
                0x100050ac                tud_cdc_n_available
 .text.tud_cdc_n_read
                0x100050c0       0x90 CMakeFiles/samwise-adcs-motor.dir/C_/Users/pete/.pico-sdk/sdk/2.1.1/lib/tinyusb/src/class/cdc/cdc_device.c.obj
                0x100050c0                tud_cdc_n_read
 .text.tud_cdc_n_write_flush
                0x10005150       0x8c CMakeFiles/samwise-adcs-motor.dir/C_/Users/pete/.pico-sdk/sdk/2.1.1/lib/tinyusb/src/class/cdc/cdc_device.c.obj
                0x10005150                tud_cdc_n_write_flush
 .text.tud_cdc_n_write
                0x100051dc       0x40 CMakeFiles/samwise-adcs-motor.dir/C_/Users/pete/.pico-sdk/sdk/2.1.1/lib/tinyusb/src/class/cdc/cdc_device.c.obj
                0x100051dc                tud_cdc_n_write
 .text.tud_cdc_n_write_available
                0x1000521c       0x14 CMakeFiles/samwise-adcs-motor.dir/C_/Users/pete/.pico-sdk/sdk/2.1.1/lib/tinyusb/src/class/cdc/cdc_device.c.obj
                0x1000521c                tud_cdc_n_write_available
 .text.cdcd_init
                0x10005230       0x70 CMakeFiles/samwise-adcs-motor.dir/C_/Users/pete/.pico-sdk/sdk/2.1.1/lib/tinyusb/src/class/cdc/cdc_device.c.obj
                0x10005230                cdcd_init
 .text.cdcd_deinit
                0x100052a0       0x30 CMakeFiles/samwise-adcs-motor.dir/C_/Users/pete/.pico-sdk/sdk/2.1.1/lib/tinyusb/src/class/cdc/cdc_device.c.obj
                0x100052a0                cdcd_deinit
 .text.cdcd_reset
                0x100052d0       0x4c CMakeFiles/samwise-adcs-motor.dir/C_/Users/pete/.pico-sdk/sdk/2.1.1/lib/tinyusb/src/class/cdc/cdc_device.c.obj
                0x100052d0                cdcd_reset
 .text.cdcd_open
                0x1000531c       0xc0 CMakeFiles/samwise-adcs-motor.dir/C_/Users/pete/.pico-sdk/sdk/2.1.1/lib/tinyusb/src/class/cdc/cdc_device.c.obj
                0x1000531c                cdcd_open
 .text.cdcd_control_xfer_cb
                0x100053dc       0xc0 CMakeFiles/samwise-adcs-motor.dir/C_/Users/pete/.pico-sdk/sdk/2.1.1/lib/tinyusb/src/class/cdc/cdc_device.c.obj
                0x100053dc                cdcd_control_xfer_cb
 .text.cdcd_xfer_cb
                0x1000549c       0xf8 CMakeFiles/samwise-adcs-motor.dir/C_/Users/pete/.pico-sdk/sdk/2.1.1/lib/tinyusb/src/class/cdc/cdc_device.c.obj
                0x1000549c                cdcd_xfer_cb
 .text.vendord_init
                0x10005594       0x5c CMakeFiles/samwise-adcs-motor.dir/C_/Users/pete/.pico-sdk/sdk/2.1.1/lib/tinyusb/src/class/vendor/vendor_device.c.obj
                0x10005594                vendord_init
 .text.vendord_deinit
                0x100055f0       0x1c CMakeFiles/samwise-adcs-motor.dir/C_/Users/pete/.pico-sdk/sdk/2.1.1/lib/tinyusb/src/class/vendor/vendor_device.c.obj
                0x100055f0                vendord_deinit
 .text.vendord_reset
                0x1000560c       0x24 CMakeFiles/samwise-adcs-motor.dir/C_/Users/pete/.pico-sdk/sdk/2.1.1/lib/tinyusb/src/class/vendor/vendor_device.c.obj
                0x1000560c                vendord_reset
 .text.vendord_open
                0x10005630       0xf4 CMakeFiles/samwise-adcs-motor.dir/C_/Users/pete/.pico-sdk/sdk/2.1.1/lib/tinyusb/src/class/vendor/vendor_device.c.obj
                0x10005630                vendord_open
 .text.vendord_xfer_cb
                0x10005724       0x88 CMakeFiles/samwise-adcs-motor.dir/C_/Users/pete/.pico-sdk/sdk/2.1.1/lib/tinyusb/src/class/vendor/vendor_device.c.obj
                0x10005724                vendord_xfer_cb
 .text.tusb_rhport_init
                0x100057ac       0x64 CMakeFiles/samwise-adcs-motor.dir/C_/Users/pete/.pico-sdk/sdk/2.1.1/lib/tinyusb/src/tusb.c.obj
                0x100057ac                tusb_rhport_init
 .text.tu_edpt_claim
                0x10005810       0x54 CMakeFiles/samwise-adcs-motor.dir/C_/Users/pete/.pico-sdk/sdk/2.1.1/lib/tinyusb/src/tusb.c.obj
                0x10005810                tu_edpt_claim
 .text.tu_edpt_release
                0x10005864       0x38 CMakeFiles/samwise-adcs-motor.dir/C_/Users/pete/.pico-sdk/sdk/2.1.1/lib/tinyusb/src/tusb.c.obj
                0x10005864                tu_edpt_release
 .text.tu_edpt_validate
                0x1000589c       0x60 CMakeFiles/samwise-adcs-motor.dir/C_/Users/pete/.pico-sdk/sdk/2.1.1/lib/tinyusb/src/tusb.c.obj
                0x1000589c                tu_edpt_validate
 .text.tu_edpt_bind_driver
                0x100058fc       0x58 CMakeFiles/samwise-adcs-motor.dir/C_/Users/pete/.pico-sdk/sdk/2.1.1/lib/tinyusb/src/tusb.c.obj
                0x100058fc                tu_edpt_bind_driver
 .text.tu_edpt_stream_init
                0x10005954       0x58 CMakeFiles/samwise-adcs-motor.dir/C_/Users/pete/.pico-sdk/sdk/2.1.1/lib/tinyusb/src/tusb.c.obj
                0x10005954                tu_edpt_stream_init
 .text.tu_edpt_stream_deinit
                0x100059ac        0x4 CMakeFiles/samwise-adcs-motor.dir/C_/Users/pete/.pico-sdk/sdk/2.1.1/lib/tinyusb/src/tusb.c.obj
                0x100059ac                tu_edpt_stream_deinit
 .text.tu_edpt_stream_write_zlp_if_needed
                0x100059b0       0x68 CMakeFiles/samwise-adcs-motor.dir/C_/Users/pete/.pico-sdk/sdk/2.1.1/lib/tinyusb/src/tusb.c.obj
                0x100059b0                tu_edpt_stream_write_zlp_if_needed
 .text.tu_edpt_stream_write_xfer
                0x10005a18       0x70 CMakeFiles/samwise-adcs-motor.dir/C_/Users/pete/.pico-sdk/sdk/2.1.1/lib/tinyusb/src/tusb.c.obj
                0x10005a18                tu_edpt_stream_write_xfer
 .text.tu_edpt_stream_read_xfer
                0x10005a88       0xc8 CMakeFiles/samwise-adcs-motor.dir/C_/Users/pete/.pico-sdk/sdk/2.1.1/lib/tinyusb/src/tusb.c.obj
                0x10005a88                tu_edpt_stream_read_xfer
 .text.tu_fifo_config
                0x10005b50       0x60 CMakeFiles/samwise-adcs-motor.dir/C_/Users/pete/.pico-sdk/sdk/2.1.1/lib/tinyusb/src/common/tusb_fifo.c.obj
                0x10005b50                tu_fifo_config
 .text.tu_fifo_count
                0x10005bb0       0x20 CMakeFiles/samwise-adcs-motor.dir/C_/Users/pete/.pico-sdk/sdk/2.1.1/lib/tinyusb/src/common/tusb_fifo.c.obj
                0x10005bb0                tu_fifo_count
 .text.tu_fifo_empty
                0x10005bd0       0x14 CMakeFiles/samwise-adcs-motor.dir/C_/Users/pete/.pico-sdk/sdk/2.1.1/lib/tinyusb/src/common/tusb_fifo.c.obj
                0x10005bd0                tu_fifo_empty
 .text.tu_fifo_remaining
                0x10005be4       0x24 CMakeFiles/samwise-adcs-motor.dir/C_/Users/pete/.pico-sdk/sdk/2.1.1/lib/tinyusb/src/common/tusb_fifo.c.obj
                0x10005be4                tu_fifo_remaining
 .text.tu_fifo_read
                0x10005c08       0x94 CMakeFiles/samwise-adcs-motor.dir/C_/Users/pete/.pico-sdk/sdk/2.1.1/lib/tinyusb/src/common/tusb_fifo.c.obj
                0x10005c08                tu_fifo_read
 .text.tu_fifo_read_n
                0x10005c9c       0xd8 CMakeFiles/samwise-adcs-motor.dir/C_/Users/pete/.pico-sdk/sdk/2.1.1/lib/tinyusb/src/common/tusb_fifo.c.obj
                0x10005c9c                tu_fifo_read_n
 .text.tu_fifo_write
                0x10005d74       0xa4 CMakeFiles/samwise-adcs-motor.dir/C_/Users/pete/.pico-sdk/sdk/2.1.1/lib/tinyusb/src/common/tusb_fifo.c.obj
                0x10005d74                tu_fifo_write
 .text.tu_fifo_write_n
                0x10005e18      0x15c CMakeFiles/samwise-adcs-motor.dir/C_/Users/pete/.pico-sdk/sdk/2.1.1/lib/tinyusb/src/common/tusb_fifo.c.obj
                0x10005e18                tu_fifo_write_n
 .text.tu_fifo_clear
                0x10005f74       0x38 CMakeFiles/samwise-adcs-motor.dir/C_/Users/pete/.pico-sdk/sdk/2.1.1/lib/tinyusb/src/common/tusb_fifo.c.obj
                0x10005f74                tu_fifo_clear
 .text.tu_fifo_set_overwritable
                0x10005fac       0x3c CMakeFiles/samwise-adcs-motor.dir/C_/Users/pete/.pico-sdk/sdk/2.1.1/lib/tinyusb/src/common/tusb_fifo.c.obj
                0x10005fac                tu_fifo_set_overwritable
 .text.i2c_write_blocking_internal
                0x10005fe8      0x164 CMakeFiles/samwise-adcs-motor.dir/C_/Users/pete/.pico-sdk/sdk/2.1.1/src/rp2_common/hardware_i2c/i2c.c.obj
 .text.i2c_read_blocking_internal
                0x1000614c       0xdc CMakeFiles/samwise-adcs-motor.dir/C_/Users/pete/.pico-sdk/sdk/2.1.1/src/rp2_common/hardware_i2c/i2c.c.obj
 .text.i2c_set_baudrate
                0x10006228       0xa4 CMakeFiles/samwise-adcs-motor.dir/C_/Users/pete/.pico-sdk/sdk/2.1.1/src/rp2_common/hardware_i2c/i2c.c.obj
                0x10006228                i2c_set_baudrate
 .text.i2c_init
                0x100062cc       0x4c CMakeFiles/samwise-adcs-motor.dir/C_/Users/pete/.pico-sdk/sdk/2.1.1/src/rp2_common/hardware_i2c/i2c.c.obj
                0x100062cc                i2c_init
 .text.i2c_write_blocking_until
                0x10006318       0x3c CMakeFiles/samwise-adcs-motor.dir/C_/Users/pete/.pico-sdk/sdk/2.1.1/src/rp2_common/hardware_i2c/i2c.c.obj
                0x10006318                i2c_write_blocking_until
 .text.i2c_read_blocking_until
                0x10006354       0x3c CMakeFiles/samwise-adcs-motor.dir/C_/Users/pete/.pico-sdk/sdk/2.1.1/src/rp2_common/hardware_i2c/i2c.c.obj
                0x10006354                i2c_read_blocking_until
 .text.spi_init
                0x10006390       0xf4 CMakeFiles/samwise-adcs-motor.dir/C_/Users/pete/.pico-sdk/sdk/2.1.1/src/rp2_common/hardware_spi/spi.c.obj
                0x10006390                spi_init
 .text.memset   0x10006484       0x9c C:/Users/pete/.pico-sdk/toolchain/14_2_Rel1/bin/../lib/gcc/arm-none-eabi/14.2.1/thumb/v8-m.main+fp/softfp\libg.a(libc_a-memset.o)
                0x10006484                memset
 .text          0x10006520       0xec C:/Users/pete/.pico-sdk/toolchain/14_2_Rel1/bin/../lib/gcc/arm-none-eabi/14.2.1/thumb/v8-m.main+fp/softfp\libg.a(libc_a-memcpy.o)
                0x10006520                memcpy
 .text.strlen   0x1000660c       0x5c C:/Users/pete/.pico-sdk/toolchain/14_2_Rel1/bin/../lib/gcc/arm-none-eabi/14.2.1/thumb/v8-m.main+fp/softfp\libg.a(libc_a-strlen-stub.o)
                0x1000660c                strlen
 *(.fini)
 .fini          0x10006668        0x4 C:/Users/pete/.pico-sdk/toolchain/14_2_Rel1/bin/../lib/gcc/arm-none-eabi/14.2.1/thumb/v8-m.main+fp/softfp/crti.o
                0x10006668                _fini
 *fill*         0x1000666c        0x4 
 .fini.__stub   0x10006670       0x58 linker stubs
 *crtbegin.o(.ctors)
 *crtbegin?.o(.ctors)
 *(EXCLUDE_FILE(*crtend.o *crtend?.o) .ctors)
 *(SORT_BY_NAME(.ctors.*))
 *(.ctors)
 *crtbegin.o(.dtors)
 *crtbegin?.o(.dtors)
 *(EXCLUDE_FILE(*crtend.o *crtend?.o) .dtors)
 *(SORT_BY_NAME(.dtors.*))
 *(.dtors)
                0x100066c8                        . = ALIGN (0x4)
                0x100066c8                        PROVIDE (__preinit_array_start = .)
 *(SORT_BY_NAME(.preinit_array.*))
 .preinit_array.00050
                0x100066c8        0x4 CMakeFiles/samwise-adcs-motor.dir/C_/Users/pete/.pico-sdk/sdk/2.1.1/src/rp2_common/pico_runtime_init/runtime_init.c.obj
                0x100066c8                __pre_init_runtime_init_bootrom_reset
 .preinit_array.00100
                0x100066cc        0x4 CMakeFiles/samwise-adcs-motor.dir/C_/Users/pete/.pico-sdk/sdk/2.1.1/src/rp2_common/pico_runtime_init/runtime_init.c.obj
                0x100066cc                __pre_init_runtime_init_early_resets
 .preinit_array.00101
                0x100066d0        0x4 CMakeFiles/samwise-adcs-motor.dir/C_/Users/pete/.pico-sdk/sdk/2.1.1/src/rp2_common/pico_runtime_init/runtime_init.c.obj
                0x100066d0                __pre_init_runtime_init_usb_power_down
 .preinit_array.00500
                0x100066d4        0x4 CMakeFiles/samwise-adcs-motor.dir/C_/Users/pete/.pico-sdk/sdk/2.1.1/src/rp2_common/pico_runtime_init/runtime_init.c.obj
                0x100066d4                __pre_init_runtime_init_clocks
 .preinit_array.00600
                0x100066d8        0x4 CMakeFiles/samwise-adcs-motor.dir/C_/Users/pete/.pico-sdk/sdk/2.1.1/src/rp2_common/pico_runtime_init/runtime_init.c.obj
                0x100066d8                __pre_init_runtime_init_post_clock_resets
 .preinit_array.01000
                0x100066dc        0x4 CMakeFiles/samwise-adcs-motor.dir/C_/Users/pete/.pico-sdk/sdk/2.1.1/src/rp2_common/hardware_boot_lock/boot_lock.c.obj
                0x100066dc                __pre_init_runtime_init_boot_locks_reset
 .preinit_array.01000
                0x100066e0        0x4 CMakeFiles/samwise-adcs-motor.dir/C_/Users/pete/.pico-sdk/sdk/2.1.1/src/rp2_common/pico_runtime_init/runtime_init.c.obj
                0x100066e0                __pre_init_runtime_init_spin_locks_reset
 .preinit_array.01010
                0x100066e4        0x4 CMakeFiles/samwise-adcs-motor.dir/C_/Users/pete/.pico-sdk/sdk/2.1.1/src/rp2_common/pico_bootrom/bootrom_lock.c.obj
                0x100066e4                __pre_init_runtime_init_bootrom_locking_enable
 .preinit_array.01100
                0x100066e8        0x4 CMakeFiles/samwise-adcs-motor.dir/C_/Users/pete/.pico-sdk/sdk/2.1.1/src/common/pico_sync/mutex.c.obj
                0x100066e8                __pre_init_runtime_init_mutex
 .preinit_array.10080
                0x100066ec        0x4 CMakeFiles/samwise-adcs-motor.dir/C_/Users/pete/.pico-sdk/sdk/2.1.1/src/rp2_common/pico_runtime_init/runtime_init.c.obj
                0x100066ec                __pre_init_runtime_init_install_ram_vector_table
 .preinit_array.11000
                0x100066f0        0x4 CMakeFiles/samwise-adcs-motor.dir/C_/Users/pete/.pico-sdk/sdk/2.1.1/src/common/pico_time/time.c.obj
                0x100066f0                __pre_init_runtime_init_default_alarm_pool
 .preinit_array.YYYYY
                0x100066f4        0x4 CMakeFiles/samwise-adcs-motor.dir/C_/Users/pete/.pico-sdk/sdk/2.1.1/src/rp2_common/pico_runtime/runtime.c.obj
                0x100066f4                __pre_init_first_per_core_initializer
 .preinit_array.ZZZZZ.00051
                0x100066f8        0x4 CMakeFiles/samwise-adcs-motor.dir/C_/Users/pete/.pico-sdk/sdk/2.1.1/src/rp2_common/pico_runtime_init/runtime_init.c.obj
                0x100066f8                __pre_init_runtime_init_per_core_bootrom_reset
 .preinit_array.ZZZZZ.00200
                0x100066fc        0x4 CMakeFiles/samwise-adcs-motor.dir/C_/Users/pete/.pico-sdk/sdk/2.1.1/src/rp2_common/pico_runtime_init/runtime_init.c.obj
                0x100066fc                __pre_init_runtime_init_per_core_enable_coprocessors
 .preinit_array.ZZZZZ.01000
                0x10006700        0x4 CMakeFiles/samwise-adcs-motor.dir/C_/Users/pete/.pico-sdk/sdk/2.1.1/src/rp2_common/hardware_sync_spin_lock/sync_spin_lock.c.obj
                0x10006700                __pre_init_spinlock_set_extexclall
 .preinit_array.ZZZZZ.01200
                0x10006704        0x4 CMakeFiles/samwise-adcs-motor.dir/C_/Users/pete/.pico-sdk/sdk/2.1.1/src/rp2_common/hardware_irq/irq.c.obj
                0x10006704                __pre_init_runtime_init_per_core_irq_priorities
 *(.preinit_array)
                0x10006708                        PROVIDE (__preinit_array_end = .)
                0x10006708                        . = ALIGN (0x4)
                0x10006708                        PROVIDE (__init_array_start = .)
 *(SORT_BY_NAME(.init_array.*))
 *(.init_array)
 .init_array    0x10006708        0x4 C:/Users/pete/.pico-sdk/toolchain/14_2_Rel1/bin/../lib/gcc/arm-none-eabi/14.2.1/thumb/v8-m.main+fp/softfp/crtbegin.o
 .init_array    0x1000670c        0x4 CMakeFiles/samwise-adcs-motor.dir/C_/Users/pete/.pico-sdk/sdk/2.1.1/src/rp2_common/pico_unique_id/unique_id.c.obj
                0x10006710                        PROVIDE (__init_array_end = .)
                0x10006710                        . = ALIGN (0x4)
                [!provide]                        PROVIDE (__fini_array_start = .)
 *(SORT_BY_NAME(.fini_array.*))
 *(.fini_array)
                [!provide]                        PROVIDE (__fini_array_end = .)
 *(.eh_frame*)
 .eh_frame      0x10006710        0x0 C:/Users/pete/.pico-sdk/toolchain/14_2_Rel1/bin/../lib/gcc/arm-none-eabi/14.2.1/thumb/v8-m.main+fp/softfp/crtbegin.o
                0x10006710                        . = ALIGN (0x4)

.glue_7         0x10006710        0x0
 .glue_7        0x10006710        0x0 linker stubs

.glue_7t        0x10006710        0x0
 .glue_7t       0x10006710        0x0 linker stubs

.vfp11_veneer   0x10006710        0x0
 .vfp11_veneer  0x10006710        0x0 linker stubs

.v4_bx          0x10006710        0x0
 .v4_bx         0x10006710        0x0 linker stubs

.iplt           0x10006710        0x0
 .iplt          0x10006710        0x0 C:/Users/pete/.pico-sdk/toolchain/14_2_Rel1/bin/../lib/gcc/arm-none-eabi/14.2.1/thumb/v8-m.main+fp/softfp/crtbegin.o

.boot2          0x10006710        0x0
                0x10006710                        __boot2_start__ = .
 *(.boot2)
                0x10006710                        __boot2_end__ = .
                0x00000001                        ASSERT (((__boot2_end__ - __boot2_start__) <= 0x100), ERROR: Pico second stage bootloader must be no more than 256 bytes in size)

.rodata         0x10006710      0x484
 *(EXCLUDE_FILE(*libm.a: *libc.a:*lib_a-mem*.o *libgcc.a:) .rodata*)
 .rodata.main.str1.4
                0x10006710      0x214 CMakeFiles/samwise-adcs-motor.dir/src/main.cpp.obj
                                 0x46 (size before relaxing)
 .rodata._Z10adm1176_onP9adm1176_t.str1.4
                0x10006924       0x3c CMakeFiles/samwise-adcs-motor.dir/src/drivers/adm1176/adm1176.cpp.obj
 .rodata._Z4initP7slate_t.str1.4
                0x10006924       0x10 CMakeFiles/samwise-adcs-motor.dir/src/init/init.cpp.obj
 .rodata.panic.str1.4
                0x10006924       0x12 CMakeFiles/samwise-adcs-motor.dir/C_/Users/pete/.pico-sdk/sdk/2.1.1/src/rp2_common/pico_platform_panic/panic.c.obj
 .rodata.spin_lock_claim_unused.str1.4
                0x10006924       0x1b CMakeFiles/samwise-adcs-motor.dir/C_/Users/pete/.pico-sdk/sdk/2.1.1/src/rp2_common/hardware_sync/sync.c.obj
 .rodata.user_irq_claim_unused.str1.4
                0x10006924       0x1b CMakeFiles/samwise-adcs-motor.dir/C_/Users/pete/.pico-sdk/sdk/2.1.1/src/rp2_common/hardware_irq/irq.c.obj
 .rodata.timer_hardware_alarm_claim.str1.4
                0x10006924       0x22 CMakeFiles/samwise-adcs-motor.dir/C_/Users/pete/.pico-sdk/sdk/2.1.1/src/rp2_common/hardware_timer/timer.c.obj
 .rodata.hard_assertion_failure.str1.4
                0x10006924        0xc CMakeFiles/samwise-adcs-motor.dir/C_/Users/pete/.pico-sdk/sdk/2.1.1/src/rp2_common/pico_runtime/runtime.c.obj
 .rodata.str1.4
                0x10006924       0x4c CMakeFiles/samwise-adcs-motor.dir/C_/Users/pete/.pico-sdk/sdk/2.1.1/src/rp2_common/pico_standard_binary_info/standard_binary_info.c.obj
 .rodata.__bi_84
                0x10006924        0xc CMakeFiles/samwise-adcs-motor.dir/C_/Users/pete/.pico-sdk/sdk/2.1.1/src/rp2_common/pico_standard_binary_info/standard_binary_info.c.obj
 .rodata.__bi_78
                0x10006930        0xc CMakeFiles/samwise-adcs-motor.dir/C_/Users/pete/.pico-sdk/sdk/2.1.1/src/rp2_common/pico_standard_binary_info/standard_binary_info.c.obj
 .rodata.__bi_60
                0x1000693c        0xc CMakeFiles/samwise-adcs-motor.dir/C_/Users/pete/.pico-sdk/sdk/2.1.1/src/rp2_common/pico_standard_binary_info/standard_binary_info.c.obj
 .rodata.__bi_54
                0x10006948        0xc CMakeFiles/samwise-adcs-motor.dir/C_/Users/pete/.pico-sdk/sdk/2.1.1/src/rp2_common/pico_standard_binary_info/standard_binary_info.c.obj
 .rodata.__bi_48
                0x10006954        0xc CMakeFiles/samwise-adcs-motor.dir/C_/Users/pete/.pico-sdk/sdk/2.1.1/src/rp2_common/pico_standard_binary_info/standard_binary_info.c.obj
 .rodata.__bi_42
                0x10006960        0xc CMakeFiles/samwise-adcs-motor.dir/C_/Users/pete/.pico-sdk/sdk/2.1.1/src/rp2_common/pico_standard_binary_info/standard_binary_info.c.obj
 .rodata.__bi_34
                0x1000696c        0xc CMakeFiles/samwise-adcs-motor.dir/C_/Users/pete/.pico-sdk/sdk/2.1.1/src/rp2_common/pico_standard_binary_info/standard_binary_info.c.obj
 .rodata.__bi_26
                0x10006978        0xc CMakeFiles/samwise-adcs-motor.dir/C_/Users/pete/.pico-sdk/sdk/2.1.1/src/rp2_common/pico_standard_binary_info/standard_binary_info.c.obj
 .rodata._ftoa.str1.4
                0x10006984       0x15 CMakeFiles/samwise-adcs-motor.dir/C_/Users/pete/.pico-sdk/sdk/2.1.1/src/rp2_common/pico_printf/printf.c.obj
 *fill*         0x10006984        0x4 
 .rodata.pow10.0
                0x10006988       0x50 CMakeFiles/samwise-adcs-motor.dir/C_/Users/pete/.pico-sdk/sdk/2.1.1/src/rp2_common/pico_printf/printf.c.obj
 .rodata.crlf_str.0
                0x100069d8        0x2 CMakeFiles/samwise-adcs-motor.dir/C_/Users/pete/.pico-sdk/sdk/2.1.1/src/rp2_common/pico_stdio/stdio.c.obj
 *fill*         0x100069da        0x2 
 .rodata._resetd_driver
                0x100069dc       0x20 CMakeFiles/samwise-adcs-motor.dir/C_/Users/pete/.pico-sdk/sdk/2.1.1/src/rp2_common/pico_stdio_usb/reset_interface.c.obj
 .rodata.desc_ms_os_20
                0x100069fc       0xa6 CMakeFiles/samwise-adcs-motor.dir/C_/Users/pete/.pico-sdk/sdk/2.1.1/src/rp2_common/pico_stdio_usb/reset_interface.c.obj
 *fill*         0x10006aa2        0x2 
 .rodata.desc_bos
                0x10006aa4       0x21 CMakeFiles/samwise-adcs-motor.dir/C_/Users/pete/.pico-sdk/sdk/2.1.1/src/rp2_common/pico_stdio_usb/reset_interface.c.obj
                0x10006aa4                desc_bos
 .rodata.str1.4
                0x10006ac5       0x13 CMakeFiles/samwise-adcs-motor.dir/C_/Users/pete/.pico-sdk/sdk/2.1.1/src/rp2_common/pico_stdio_usb/stdio_usb.c.obj
 *fill*         0x10006ac5        0x3 
 .rodata.__bi_197.0
                0x10006ac8        0xc CMakeFiles/samwise-adcs-motor.dir/C_/Users/pete/.pico-sdk/sdk/2.1.1/src/rp2_common/pico_stdio_usb/stdio_usb.c.obj
 .rodata.str1.4
                0x10006ad4       0x2a CMakeFiles/samwise-adcs-motor.dir/C_/Users/pete/.pico-sdk/sdk/2.1.1/src/rp2_common/pico_stdio_usb/stdio_usb_descriptors.c.obj
 .rodata.usbd_desc_str
                0x10006ad4       0x18 CMakeFiles/samwise-adcs-motor.dir/C_/Users/pete/.pico-sdk/sdk/2.1.1/src/rp2_common/pico_stdio_usb/stdio_usb_descriptors.c.obj
 .rodata.usbd_desc_cfg
                0x10006aec       0x54 CMakeFiles/samwise-adcs-motor.dir/C_/Users/pete/.pico-sdk/sdk/2.1.1/src/rp2_common/pico_stdio_usb/stdio_usb_descriptors.c.obj
 .rodata.usbd_desc_device
                0x10006b40       0x12 CMakeFiles/samwise-adcs-motor.dir/C_/Users/pete/.pico-sdk/sdk/2.1.1/src/rp2_common/pico_stdio_usb/stdio_usb_descriptors.c.obj
 .rodata.str1.4
                0x10006b52       0x14 CMakeFiles/samwise-adcs-motor.dir/C_/Users/pete/.pico-sdk/sdk/2.1.1/lib/tinyusb/src/portable/raspberrypi/rp2040/dcd_rp2040.c.obj
 .rodata.str1.4
                0x10006b52       0x48 CMakeFiles/samwise-adcs-motor.dir/C_/Users/pete/.pico-sdk/sdk/2.1.1/lib/tinyusb/src/portable/raspberrypi/rp2040/rp2040_usb.c.obj
 *fill*         0x10006b52        0x2 
 .rodata._usbd_driver
                0x10006b54       0x40 CMakeFiles/samwise-adcs-motor.dir/C_/Users/pete/.pico-sdk/sdk/2.1.1/lib/tinyusb/src/device/usbd.c.obj
 *(.srodata*)
                0x10006b94                        . = ALIGN (0x4)
 *(SORT_BY_ALIGNMENT(SORT_BY_NAME(.flashdata*)))
                0x10006b94                        . = ALIGN (0x4)

.ARM.extab
 *(.ARM.extab* .gnu.linkonce.armextab.*)
                0x10006b94                        __exidx_start = .

.ARM.exidx      0x10006b94        0x8
 *(.ARM.exidx* .gnu.linkonce.armexidx.*)
 .ARM.exidx     0x10006b94        0x8 C:/Users/pete/.pico-sdk/toolchain/14_2_Rel1/bin/../lib/gcc/arm-none-eabi/14.2.1/thumb/v8-m.main+fp/softfp\libg.a(libc_a-memcpy.o)
 .ARM.exidx.text.__udivmoddi4
                0x10006b9c        0x0 C:/Users/pete/.pico-sdk/toolchain/14_2_Rel1/bin/../lib/gcc/arm-none-eabi/14.2.1/thumb/v8-m.main+fp/softfp\libgcc.a(_udivmoddi4.o)
                                  0x8 (size before relaxing)
                0x10006b9c                        __exidx_end = .
                0x10006b9c                        . = ALIGN (0x4)
                0x10006b9c                        __binary_info_start = .

.binary_info    0x10006b9c       0x24
 *(.binary_info.keep.*)
 .binary_info.keep.__bi_ptr84
                0x10006b9c        0x4 CMakeFiles/samwise-adcs-motor.dir/C_/Users/pete/.pico-sdk/sdk/2.1.1/src/rp2_common/pico_standard_binary_info/standard_binary_info.c.obj
 .binary_info.keep.__bi_ptr78
                0x10006ba0        0x4 CMakeFiles/samwise-adcs-motor.dir/C_/Users/pete/.pico-sdk/sdk/2.1.1/src/rp2_common/pico_standard_binary_info/standard_binary_info.c.obj
 .binary_info.keep.__bi_ptr60
                0x10006ba4        0x4 CMakeFiles/samwise-adcs-motor.dir/C_/Users/pete/.pico-sdk/sdk/2.1.1/src/rp2_common/pico_standard_binary_info/standard_binary_info.c.obj
 .binary_info.keep.__bi_ptr54
                0x10006ba8        0x4 CMakeFiles/samwise-adcs-motor.dir/C_/Users/pete/.pico-sdk/sdk/2.1.1/src/rp2_common/pico_standard_binary_info/standard_binary_info.c.obj
 .binary_info.keep.__bi_ptr48
                0x10006bac        0x4 CMakeFiles/samwise-adcs-motor.dir/C_/Users/pete/.pico-sdk/sdk/2.1.1/src/rp2_common/pico_standard_binary_info/standard_binary_info.c.obj
 .binary_info.keep.__bi_ptr42
                0x10006bb0        0x4 CMakeFiles/samwise-adcs-motor.dir/C_/Users/pete/.pico-sdk/sdk/2.1.1/src/rp2_common/pico_standard_binary_info/standard_binary_info.c.obj
 .binary_info.keep.__bi_ptr34
                0x10006bb4        0x4 CMakeFiles/samwise-adcs-motor.dir/C_/Users/pete/.pico-sdk/sdk/2.1.1/src/rp2_common/pico_standard_binary_info/standard_binary_info.c.obj
 .binary_info.keep.__bi_ptr26
                0x10006bb8        0x4 CMakeFiles/samwise-adcs-motor.dir/C_/Users/pete/.pico-sdk/sdk/2.1.1/src/rp2_common/pico_standard_binary_info/standard_binary_info.c.obj
 *(.binary_info.*)
 .binary_info.__bi_ptr197
                0x10006bbc        0x4 CMakeFiles/samwise-adcs-motor.dir/C_/Users/pete/.pico-sdk/sdk/2.1.1/src/rp2_common/pico_stdio_usb/stdio_usb.c.obj
                0x10006bc0                        __binary_info_end = .
                0x10006bc0                        . = ALIGN (0x4)

.ram_vector_table
                0x20000000      0x110
 *(.ram_vector_table)
 .ram_vector_table
                0x20000000      0x110 CMakeFiles/samwise-adcs-motor.dir/C_/Users/pete/.pico-sdk/sdk/2.1.1/src/rp2_common/pico_runtime_init/runtime_init.c.obj
                0x20000000                ram_vector_table

.uninitialized_data
                0x20000110        0x0
                0x20000110                        . = ALIGN (0x4)
 *(.uninitialized_data*)

.data           0x20000110     0x1494 load address 0x10006bc0
                0x20000110                        __data_start__ = .
 *(vtable)
 *(.time_critical*)
 .time_critical.mutex_try_enter
                0x20000110       0x50 CMakeFiles/samwise-adcs-motor.dir/C_/Users/pete/.pico-sdk/sdk/2.1.1/src/common/pico_sync/mutex.c.obj
                0x20000110                mutex_try_enter
 .time_critical.mutex_enter_block_until
                0x20000160       0x6c CMakeFiles/samwise-adcs-motor.dir/C_/Users/pete/.pico-sdk/sdk/2.1.1/src/common/pico_sync/mutex.c.obj
                0x20000160                mutex_enter_block_until
 .time_critical.mutex_try_enter_block_until
                0x200001cc       0x68 CMakeFiles/samwise-adcs-motor.dir/C_/Users/pete/.pico-sdk/sdk/2.1.1/src/common/pico_sync/mutex.c.obj
                0x200001cc                mutex_try_enter_block_until
 .time_critical.mutex_enter_timeout_ms
                0x20000234       0x38 CMakeFiles/samwise-adcs-motor.dir/C_/Users/pete/.pico-sdk/sdk/2.1.1/src/common/pico_sync/mutex.c.obj
                0x20000234                mutex_enter_timeout_ms
 .time_critical.mutex_exit
                0x2000026c       0x3c CMakeFiles/samwise-adcs-motor.dir/C_/Users/pete/.pico-sdk/sdk/2.1.1/src/common/pico_sync/mutex.c.obj
                0x2000026c                mutex_exit
 .time_critical.reset_non_control_endpoints
                0x200002a8       0x64 CMakeFiles/samwise-adcs-motor.dir/C_/Users/pete/.pico-sdk/sdk/2.1.1/lib/tinyusb/src/portable/raspberrypi/rp2040/dcd_rp2040.c.obj
 .time_critical.hw_handle_buff_status
                0x2000030c       0x90 CMakeFiles/samwise-adcs-motor.dir/C_/Users/pete/.pico-sdk/sdk/2.1.1/lib/tinyusb/src/portable/raspberrypi/rp2040/dcd_rp2040.c.obj
 .time_critical.dcd_rp2040_irq
                0x2000039c      0x530 CMakeFiles/samwise-adcs-motor.dir/C_/Users/pete/.pico-sdk/sdk/2.1.1/lib/tinyusb/src/portable/raspberrypi/rp2040/dcd_rp2040.c.obj
 .time_critical.prepare_ep_buffer
                0x200008cc       0xc0 CMakeFiles/samwise-adcs-motor.dir/C_/Users/pete/.pico-sdk/sdk/2.1.1/lib/tinyusb/src/portable/raspberrypi/rp2040/rp2040_usb.c.obj
 .time_critical.sync_ep_buffer
                0x2000098c       0xb4 CMakeFiles/samwise-adcs-motor.dir/C_/Users/pete/.pico-sdk/sdk/2.1.1/lib/tinyusb/src/portable/raspberrypi/rp2040/rp2040_usb.c.obj
 .time_critical._hw_endpoint_xfer_sync
                0x20000a40       0x2c CMakeFiles/samwise-adcs-motor.dir/C_/Users/pete/.pico-sdk/sdk/2.1.1/lib/tinyusb/src/portable/raspberrypi/rp2040/rp2040_usb.c.obj
 .time_critical.e15_is_bulkin_ep
                0x20000a6c       0x28 CMakeFiles/samwise-adcs-motor.dir/C_/Users/pete/.pico-sdk/sdk/2.1.1/lib/tinyusb/src/portable/raspberrypi/rp2040/rp2040_usb.c.obj
 .time_critical.e15_is_critical_frame_period
                0x20000a94       0x28 CMakeFiles/samwise-adcs-motor.dir/C_/Users/pete/.pico-sdk/sdk/2.1.1/lib/tinyusb/src/portable/raspberrypi/rp2040/rp2040_usb.c.obj
 .time_critical.hw_endpoint_reset_transfer
                0x20000abc        0xc CMakeFiles/samwise-adcs-motor.dir/C_/Users/pete/.pico-sdk/sdk/2.1.1/lib/tinyusb/src/portable/raspberrypi/rp2040/rp2040_usb.c.obj
                0x20000abc                hw_endpoint_reset_transfer
 .time_critical._hw_endpoint_buffer_control_update32
                0x20000ac8       0x44 CMakeFiles/samwise-adcs-motor.dir/C_/Users/pete/.pico-sdk/sdk/2.1.1/lib/tinyusb/src/portable/raspberrypi/rp2040/rp2040_usb.c.obj
                0x20000ac8                _hw_endpoint_buffer_control_update32
 .time_critical.hw_endpoint_start_next_buffer
                0x20000b0c       0x64 CMakeFiles/samwise-adcs-motor.dir/C_/Users/pete/.pico-sdk/sdk/2.1.1/lib/tinyusb/src/portable/raspberrypi/rp2040/rp2040_usb.c.obj
                0x20000b0c                hw_endpoint_start_next_buffer
 .time_critical.hw_endpoint_xfer_continue
                0x20000b70       0x3c CMakeFiles/samwise-adcs-motor.dir/C_/Users/pete/.pico-sdk/sdk/2.1.1/lib/tinyusb/src/portable/raspberrypi/rp2040/rp2040_usb.c.obj
                0x20000b70                hw_endpoint_xfer_continue
 .time_critical.tinyusb
                0x20000bac      0x224 CMakeFiles/samwise-adcs-motor.dir/C_/Users/pete/.pico-sdk/sdk/2.1.1/lib/tinyusb/src/device/usbd.c.obj
                0x20000bac                dcd_event_handler
 *(.text*)
 .text          0x20000dd0      0x378 C:/Users/pete/.pico-sdk/toolchain/14_2_Rel1/bin/../lib/gcc/arm-none-eabi/14.2.1/thumb/v8-m.main+fp/softfp\libgcc.a(_arm_addsubdf3.o)
                0x20000dd0                __aeabi_drsub
                0x20000dd8                __aeabi_dsub
                0x20000dd8                __subdf3
                0x20000ddc                __aeabi_dadd
                0x20000ddc                __adddf3
                0x20001054                __floatunsidf
                0x20001054                __aeabi_ui2d
                0x20001074                __floatsidf
                0x20001074                __aeabi_i2d
                0x20001098                __aeabi_f2d
                0x20001098                __extendsfdf2
                0x200010dc                __floatundidf
                0x200010dc                __aeabi_ul2d
                0x200010ec                __floatdidf
                0x200010ec                __aeabi_l2d
 .text          0x20001148       0x30 C:/Users/pete/.pico-sdk/toolchain/14_2_Rel1/bin/../lib/gcc/arm-none-eabi/14.2.1/thumb/v8-m.main+fp/softfp\libgcc.a(_aeabi_uldivmod.o)
                0x20001148                __aeabi_uldivmod
 .text.__udivmoddi4
                0x20001178      0x34c C:/Users/pete/.pico-sdk/toolchain/14_2_Rel1/bin/../lib/gcc/arm-none-eabi/14.2.1/thumb/v8-m.main+fp/softfp\libgcc.a(_udivmoddi4.o)
                0x20001178                __udivmoddi4
 .text          0x200014c4        0x4 C:/Users/pete/.pico-sdk/toolchain/14_2_Rel1/bin/../lib/gcc/arm-none-eabi/14.2.1/thumb/v8-m.main+fp/softfp\libgcc.a(_dvmd_tls.o)
                0x200014c4                __aeabi_idiv0
                0x200014c4                __aeabi_ldiv0
 .text.__stub   0x200014c8       0x30 linker stubs
                0x200014f8                        . = ALIGN (0x4)
 *(.rodata*)
                0x200014f8                        . = ALIGN (0x4)
 *(.data*)
 .data._ZL12_ext_cmd_buf
                0x200014f8        0x2 CMakeFiles/samwise-adcs-motor.dir/src/drivers/adm1176/adm1176.cpp.obj
 .data.striped_spin_lock_num
                0x200014fa        0x1 CMakeFiles/samwise-adcs-motor.dir/C_/Users/pete/.pico-sdk/sdk/2.1.1/src/rp2_common/hardware_sync/sync.c.obj
 *fill*         0x200014fb        0x1 
 .data          0x200014fc       0x48 CMakeFiles/samwise-adcs-motor.dir/C_/Users/pete/.pico-sdk/sdk/2.1.1/src/rp2_common/hardware_irq/irq_handler_chain.S.obj
                0x200014fc                irq_handler_chain_slots
                0x2000152c                irq_handler_chain_first_slot
                0x20001536                irq_handler_chain_remove_tail
 .data.default_alarm_pool
                0x20001544       0x18 CMakeFiles/samwise-adcs-motor.dir/C_/Users/pete/.pico-sdk/sdk/2.1.1/src/common/pico_time/time.c.obj
 .data.stdio_usb
                0x2000155c       0x18 CMakeFiles/samwise-adcs-motor.dir/C_/Users/pete/.pico-sdk/sdk/2.1.1/src/rp2_common/pico_stdio_usb/stdio_usb.c.obj
                0x2000155c                stdio_usb
 .data._usbd_qdef
                0x20001574       0x1c CMakeFiles/samwise-adcs-motor.dir/C_/Users/pete/.pico-sdk/sdk/2.1.1/lib/tinyusb/src/device/usbd.c.obj
                0x20001574                _usbd_qdef
 .data._usbd_rhport
                0x20001590        0x1 CMakeFiles/samwise-adcs-motor.dir/C_/Users/pete/.pico-sdk/sdk/2.1.1/lib/tinyusb/src/device/usbd.c.obj
 *fill*         0x20001591        0x3 
 .data.i2c0_inst
                0x20001594        0x8 CMakeFiles/samwise-adcs-motor.dir/C_/Users/pete/.pico-sdk/sdk/2.1.1/src/rp2_common/hardware_i2c/i2c.c.obj
                0x20001594                i2c0_inst
 *(.sdata*)
                0x2000159c                        . = ALIGN (0x4)
 *(.after_data.*)
                0x2000159c                        . = ALIGN (0x4)
                0x2000159c                        PROVIDE (__mutex_array_start = .)
 *(SORT_BY_NAME(.mutex_array.*))
 *(.mutex_array)
 .mutex_array   0x2000159c        0x8 CMakeFiles/samwise-adcs-motor.dir/C_/Users/pete/.pico-sdk/sdk/2.1.1/src/rp2_common/pico_stdio/stdio.c.obj
                0x200015a4                        PROVIDE (__mutex_array_end = .)
 *(.jcr)
                0x200015a4                        . = ALIGN (0x4)

.tm_clone_table
                0x200015a4        0x0 load address 0x10008054
 .tm_clone_table
                0x200015a4        0x0 C:/Users/pete/.pico-sdk/toolchain/14_2_Rel1/bin/../lib/gcc/arm-none-eabi/14.2.1/thumb/v8-m.main+fp/softfp/crtbegin.o
 .tm_clone_table
                0x200015a4        0x0 C:/Users/pete/.pico-sdk/toolchain/14_2_Rel1/bin/../lib/gcc/arm-none-eabi/14.2.1/thumb/v8-m.main+fp/softfp/crtend.o

.igot.plt       0x200015a4        0x0 load address 0x10008054
 .igot.plt      0x200015a4        0x0 C:/Users/pete/.pico-sdk/toolchain/14_2_Rel1/bin/../lib/gcc/arm-none-eabi/14.2.1/thumb/v8-m.main+fp/softfp/crtbegin.o

.tdata          0x200015a4        0x0 load address 0x10008054
                0x200015a4                        . = ALIGN (0x4)
 *(.tdata .tdata.* .gnu.linkonce.td.*)
                0x200015a4                        __tdata_end = .
                0x200015a4                        PROVIDE (__data_end__ = .)
                0x10006bc0                        __etext = LOADADDR (.data)

.tbss           0x200015a4        0x0 load address 0x10008054
                0x200015a4                        . = ALIGN (0x4)
                0x200015a4                        __bss_start__ = .
                0x200015a4                        __tls_base = .
 *(.tbss .tbss.* .gnu.linkonce.tb.*)
 *(.tcommon)
                0x200015a4                        __tls_end = .

.bss            0x200015a8      0xc3c load address 0x10008054
                0x200015a8                        . = ALIGN (0x4)
                0x200015a8                        __tbss_end = .
 *(SORT_BY_ALIGNMENT(SORT_BY_NAME(.bss*)))
 .bss.default_alarm_pool_entries
                0x200015a8      0x180 CMakeFiles/samwise-adcs-motor.dir/C_/Users/pete/.pico-sdk/sdk/2.1.1/src/common/pico_time/time.c.obj
 .bss.last_avail_time.1
                0x20001728        0x8 CMakeFiles/samwise-adcs-motor.dir/C_/Users/pete/.pico-sdk/sdk/2.1.1/src/rp2_common/pico_stdio_usb/stdio_usb.c.obj
 .bss._ZL13power_monitor
                0x20001730        0xc CMakeFiles/samwise-adcs-motor.dir/src/init/init.cpp.obj
 .bss._ZL8_cmd_buf
                0x2000173c        0x1 CMakeFiles/samwise-adcs-motor.dir/src/drivers/adm1176/adm1176.cpp.obj
 *fill*         0x2000173d        0x3 
 .bss._ZL9_read_buf
                0x20001740        0x3 CMakeFiles/samwise-adcs-motor.dir/src/drivers/adm1176/adm1176.cpp.obj
 *fill*         0x20001743        0x1 
 .bss._app_driver
                0x20001744        0x4 CMakeFiles/samwise-adcs-motor.dir/C_/Users/pete/.pico-sdk/sdk/2.1.1/lib/tinyusb/src/device/usbd.c.obj
 .bss._cdcd_epbuf
                0x20001748       0x80 CMakeFiles/samwise-adcs-motor.dir/C_/Users/pete/.pico-sdk/sdk/2.1.1/lib/tinyusb/src/class/cdc/cdc_device.c.obj
 .bss._cdcd_fifo_cfg
                0x200017c8        0x1 CMakeFiles/samwise-adcs-motor.dir/C_/Users/pete/.pico-sdk/sdk/2.1.1/lib/tinyusb/src/class/cdc/cdc_device.c.obj
 *fill*         0x200017c9        0x3 
 .bss._cdcd_itf
                0x200017cc       0xc8 CMakeFiles/samwise-adcs-motor.dir/C_/Users/pete/.pico-sdk/sdk/2.1.1/lib/tinyusb/src/class/cdc/cdc_device.c.obj
 .bss._ctrl_epbuf
                0x20001894       0x40 CMakeFiles/samwise-adcs-motor.dir/C_/Users/pete/.pico-sdk/sdk/2.1.1/lib/tinyusb/src/device/usbd_control.c.obj
 .bss._ctrl_xfer
                0x200018d4       0x14 CMakeFiles/samwise-adcs-motor.dir/C_/Users/pete/.pico-sdk/sdk/2.1.1/lib/tinyusb/src/device/usbd_control.c.obj
 .bss._sw_spin_locks
                0x200018e8       0x20 CMakeFiles/samwise-adcs-motor.dir/C_/Users/pete/.pico-sdk/sdk/2.1.1/src/rp2_common/hardware_sync_spin_lock/sync_spin_lock.c.obj
                0x200018e8                _sw_spin_locks
 .bss._tusb_rhport_role
                0x20001908        0x2 CMakeFiles/samwise-adcs-motor.dir/C_/Users/pete/.pico-sdk/sdk/2.1.1/lib/tinyusb/src/tusb.c.obj
                0x20001908                _tusb_rhport_role
 *fill*         0x2000190a        0x2 
 .bss._ubsd_mutexdef
                0x2000190c        0x8 CMakeFiles/samwise-adcs-motor.dir/C_/Users/pete/.pico-sdk/sdk/2.1.1/lib/tinyusb/src/device/usbd.c.obj
 .bss._usbd_dev
                0x20001914       0x54 CMakeFiles/samwise-adcs-motor.dir/C_/Users/pete/.pico-sdk/sdk/2.1.1/lib/tinyusb/src/device/usbd.c.obj
 .bss._usbd_mutex
                0x20001968        0x4 CMakeFiles/samwise-adcs-motor.dir/C_/Users/pete/.pico-sdk/sdk/2.1.1/lib/tinyusb/src/device/usbd.c.obj
 .bss._usbd_q   0x2000196c        0x4 CMakeFiles/samwise-adcs-motor.dir/C_/Users/pete/.pico-sdk/sdk/2.1.1/lib/tinyusb/src/device/usbd.c.obj
 .bss._usbd_qdef_buf
                0x20001970       0xc0 CMakeFiles/samwise-adcs-motor.dir/C_/Users/pete/.pico-sdk/sdk/2.1.1/lib/tinyusb/src/device/usbd.c.obj
                0x20001970                _usbd_qdef_buf
 .bss._vendord_epbuf
                0x20001a30       0x80 CMakeFiles/samwise-adcs-motor.dir/C_/Users/pete/.pico-sdk/sdk/2.1.1/lib/tinyusb/src/class/vendor/vendor_device.c.obj
 .bss._vendord_itf
                0x20001ab0      0x24c CMakeFiles/samwise-adcs-motor.dir/C_/Users/pete/.pico-sdk/sdk/2.1.1/lib/tinyusb/src/class/vendor/vendor_device.c.obj
 .bss.chars_available_callback
                0x20001cfc        0x4 CMakeFiles/samwise-adcs-motor.dir/C_/Users/pete/.pico-sdk/sdk/2.1.1/src/rp2_common/pico_stdio_usb/stdio_usb.c.obj
 .bss.chars_available_param
                0x20001d00        0x4 CMakeFiles/samwise-adcs-motor.dir/C_/Users/pete/.pico-sdk/sdk/2.1.1/src/rp2_common/pico_stdio_usb/stdio_usb.c.obj
 .bss.claimed   0x20001d04        0x4 CMakeFiles/samwise-adcs-motor.dir/C_/Users/pete/.pico-sdk/sdk/2.1.1/src/rp2_common/hardware_sync/sync.c.obj
 .bss.claimed   0x20001d08        0x2 CMakeFiles/samwise-adcs-motor.dir/C_/Users/pete/.pico-sdk/sdk/2.1.1/src/rp2_common/hardware_timer/timer.c.obj
 *fill*         0x20001d0a        0x2 
 .bss.configured_freq
                0x20001d0c       0x28 CMakeFiles/samwise-adcs-motor.dir/C_/Users/pete/.pico-sdk/sdk/2.1.1/src/rp2_common/hardware_clocks/clocks.c.obj
 .bss.desc_str.0
                0x20001d34       0x28 CMakeFiles/samwise-adcs-motor.dir/C_/Users/pete/.pico-sdk/sdk/2.1.1/src/rp2_common/pico_stdio_usb/stdio_usb_descriptors.c.obj
 .bss.drivers   0x20001d5c        0x4 CMakeFiles/samwise-adcs-motor.dir/C_/Users/pete/.pico-sdk/sdk/2.1.1/src/rp2_common/pico_stdio/stdio.c.obj
 .bss.e15_last_sof
                0x20001d60        0x4 CMakeFiles/samwise-adcs-motor.dir/C_/Users/pete/.pico-sdk/sdk/2.1.1/lib/tinyusb/src/portable/raspberrypi/rp2040/rp2040_usb.c.obj
                0x20001d60                e15_last_sof
 .bss.filter    0x20001d64        0x4 CMakeFiles/samwise-adcs-motor.dir/C_/Users/pete/.pico-sdk/sdk/2.1.1/src/rp2_common/pico_stdio/stdio.c.obj
 .bss.hw_endpoints
                0x20001d68      0x400 CMakeFiles/samwise-adcs-motor.dir/C_/Users/pete/.pico-sdk/sdk/2.1.1/lib/tinyusb/src/portable/raspberrypi/rp2040/dcd_rp2040.c.obj
 .bss.lazy_vsnprintf
                0x20002168        0x4 CMakeFiles/samwise-adcs-motor.dir/C_/Users/pete/.pico-sdk/sdk/2.1.1/src/rp2_common/pico_printf/printf.c.obj
 .bss.load_value
                0x2000216c        0x4 CMakeFiles/samwise-adcs-motor.dir/C_/Users/pete/.pico-sdk/sdk/2.1.1/src/rp2_common/hardware_watchdog/watchdog.c.obj
 .bss.next_buffer_ptr
                0x20002170        0x4 CMakeFiles/samwise-adcs-motor.dir/C_/Users/pete/.pico-sdk/sdk/2.1.1/lib/tinyusb/src/portable/raspberrypi/rp2040/dcd_rp2040.c.obj
 .bss.object.0  0x20002174       0x18 C:/Users/pete/.pico-sdk/toolchain/14_2_Rel1/bin/../lib/gcc/arm-none-eabi/14.2.1/thumb/v8-m.main+fp/softfp/crtbegin.o
 .bss.one_shot_timer_crit_sec
                0x2000218c        0x8 CMakeFiles/samwise-adcs-motor.dir/C_/Users/pete/.pico-sdk/sdk/2.1.1/src/rp2_common/pico_stdio_usb/stdio_usb.c.obj
 .bss.pools     0x20002194       0x20 CMakeFiles/samwise-adcs-motor.dir/C_/Users/pete/.pico-sdk/sdk/2.1.1/src/common/pico_time/time.c.obj
 .bss.retrieved_id
                0x200021b4        0x8 CMakeFiles/samwise-adcs-motor.dir/C_/Users/pete/.pico-sdk/sdk/2.1.1/src/rp2_common/pico_unique_id/unique_id.c.obj
 .bss.sleep_notifier
                0x200021bc        0x4 CMakeFiles/samwise-adcs-motor.dir/C_/Users/pete/.pico-sdk/sdk/2.1.1/src/common/pico_time/time.c.obj
 .bss.stdio_usb_mutex
                0x200021c0        0x8 CMakeFiles/samwise-adcs-motor.dir/C_/Users/pete/.pico-sdk/sdk/2.1.1/src/rp2_common/pico_stdio_usb/stdio_usb.c.obj
 .bss.usbd_serial_str
                0x200021c8       0x11 CMakeFiles/samwise-adcs-motor.dir/C_/Users/pete/.pico-sdk/sdk/2.1.1/src/rp2_common/pico_stdio_usb/stdio_usb_descriptors.c.obj
 .bss._app_driver_count
                0x200021d9        0x1 CMakeFiles/samwise-adcs-motor.dir/C_/Users/pete/.pico-sdk/sdk/2.1.1/lib/tinyusb/src/device/usbd.c.obj
 .bss._sof_enable
                0x200021da        0x1 CMakeFiles/samwise-adcs-motor.dir/C_/Users/pete/.pico-sdk/sdk/2.1.1/lib/tinyusb/src/portable/raspberrypi/rp2040/dcd_rp2040.c.obj
 .bss._usbd_queued_setup
                0x200021db        0x1 CMakeFiles/samwise-adcs-motor.dir/C_/Users/pete/.pico-sdk/sdk/2.1.1/lib/tinyusb/src/device/usbd.c.obj
 .bss.irq_handler_chain_free_slot_head
                0x200021dc        0x1 CMakeFiles/samwise-adcs-motor.dir/C_/Users/pete/.pico-sdk/sdk/2.1.1/src/rp2_common/hardware_irq/irq.c.obj
 .bss.itf_num   0x200021dd        0x1 CMakeFiles/samwise-adcs-motor.dir/C_/Users/pete/.pico-sdk/sdk/2.1.1/src/rp2_common/pico_stdio_usb/reset_interface.c.obj
 .bss.low_priority_irq_num
                0x200021de        0x1 CMakeFiles/samwise-adcs-motor.dir/C_/Users/pete/.pico-sdk/sdk/2.1.1/src/rp2_common/pico_stdio_usb/stdio_usb.c.obj
 .bss.one_shot_timer_pending
                0x200021df        0x1 CMakeFiles/samwise-adcs-motor.dir/C_/Users/pete/.pico-sdk/sdk/2.1.1/src/rp2_common/pico_stdio_usb/stdio_usb.c.obj
 .bss.user_irq_claimed
                0x200021e0        0x1 CMakeFiles/samwise-adcs-motor.dir/C_/Users/pete/.pico-sdk/sdk/2.1.1/src/rp2_common/hardware_irq/irq.c.obj
 *(COMMON)
                [!provide]                        PROVIDE (__global_pointer$ = (. + 0x800))
 *(.sbss*)
                0x200021e4                        . = ALIGN (0x4)
 *fill*         0x200021e1        0x3 
                0x200021e4                        __bss_end__ = .

.heap           0x200021e4      0x800 load address 0x10008054
                0x200021e4                        __end__ = .
                0x200021e4                        end = __end__
 *(.heap*)
 .heap          0x200021e4      0x800 CMakeFiles/samwise-adcs-motor.dir/C_/Users/pete/.pico-sdk/sdk/2.1.1/src/rp2_common/pico_crt0/crt0.S.obj
                0x20080000                        __HeapLimit = (ORIGIN (RAM) + LENGTH (RAM))

.scratch_x      0x20080000        0x0 load address 0x10008054
                0x20080000                        __scratch_x_start__ = .
 *(.scratch_x.*)
                0x20080000                        . = ALIGN (0x4)
                0x20080000                        __scratch_x_end__ = .
                0x10008054                        __scratch_x_source__ = LOADADDR (.scratch_x)

.scratch_y      0x20081000        0x0 load address 0x10008054
                0x20081000                        __scratch_y_start__ = .
 *(.scratch_y.*)
                0x20081000                        . = ALIGN (0x4)
                0x20081000                        __scratch_y_end__ = .
                0x10008054                        __scratch_y_source__ = LOADADDR (.scratch_y)

.stack1_dummy
 *(.stack1*)

.stack_dummy    0x20081000      0x800
 *(.stack*)
 .stack         0x20081000      0x800 CMakeFiles/samwise-adcs-motor.dir/C_/Users/pete/.pico-sdk/sdk/2.1.1/src/rp2_common/pico_crt0/crt0.S.obj

.flash_end      0x10008054       0x14
 *(.embedded_end_block*)
 .embedded_end_block
                0x10008054       0x14 CMakeFiles/samwise-adcs-motor.dir/C_/Users/pete/.pico-sdk/sdk/2.1.1/src/rp2_common/pico_crt0/crt0.S.obj
                0x10008068                        PROVIDE (__flash_binary_end = .)
                0x20080000                        __StackLimit = (ORIGIN (RAM) + LENGTH (RAM))
                0x20081000                        __StackOneTop = (ORIGIN (SCRATCH_X) + LENGTH (SCRATCH_X))
                0x20082000                        __StackTop = (ORIGIN (SCRATCH_Y) + LENGTH (SCRATCH_Y))
                0x20081000                        __StackOneBottom = (__StackOneTop - SIZEOF (.stack1_dummy))
                0x20081800                        __StackBottom = (__StackTop - SIZEOF (.stack_dummy))
                0x20082000                        PROVIDE (__stack = __StackTop)
                [!provide]                        PROVIDE (__heap_start = __end__)
                [!provide]                        PROVIDE (__heap_end = __HeapLimit)
                [!provide]                        PROVIDE (__tls_align = MAX (ALIGNOF (.tdata), ALIGNOF (.tbss)))
                [!provide]                        PROVIDE (__tls_size_align = (((__tls_size + __tls_align) - 0x1) & ~ ((__tls_align - 0x1))))
                [!provide]                        PROVIDE (__arm32_tls_tcb_offset = MAX (0x8, __tls_align))
                [!provide]                        PROVIDE (_end = __end__)
                [!provide]                        PROVIDE (__llvm_libc_heap_limit = __HeapLimit)
                0x00000001                        ASSERT ((__StackLimit >= __HeapLimit), region RAM overflowed)
                0x00000001                        ASSERT (((__binary_info_header_end - __logical_binary_start) <= 0x400), Binary info must be in first 1024 bytes of the binary)
                0x00000001                        ASSERT (((__embedded_block_end - __logical_binary_start) <= 0x1000), Embedded block must be in first 4096 bytes of the binary)
LOAD CMakeFiles/samwise-adcs-motor.dir/src/error.cpp.obj
LOAD CMakeFiles/samwise-adcs-motor.dir/src/main.cpp.obj
LOAD CMakeFiles/samwise-adcs-motor.dir/src/drivers/adm1176/adm1176.cpp.obj
LOAD CMakeFiles/samwise-adcs-motor.dir/src/init/init.cpp.obj
LOAD CMakeFiles/samwise-adcs-motor.dir/src/drivers/watchdog/watchdog.cpp.obj
LOAD CMakeFiles/samwise-adcs-motor.dir/src/drivers/motor/motor.cpp.obj
LOAD CMakeFiles/samwise-adcs-motor.dir/C_/Users/pete/.pico-sdk/sdk/2.1.1/src/rp2_common/pico_stdlib/stdlib.c.obj
LOAD CMakeFiles/samwise-adcs-motor.dir/C_/Users/pete/.pico-sdk/sdk/2.1.1/src/rp2_common/hardware_gpio/gpio.c.obj
LOAD CMakeFiles/samwise-adcs-motor.dir/C_/Users/pete/.pico-sdk/sdk/2.1.1/src/rp2350/pico_platform/platform.c.obj
LOAD CMakeFiles/samwise-adcs-motor.dir/C_/Users/pete/.pico-sdk/sdk/2.1.1/src/rp2_common/pico_platform_panic/panic.c.obj
LOAD CMakeFiles/samwise-adcs-motor.dir/C_/Users/pete/.pico-sdk/sdk/2.1.1/src/common/hardware_claim/claim.c.obj
LOAD CMakeFiles/samwise-adcs-motor.dir/C_/Users/pete/.pico-sdk/sdk/2.1.1/src/rp2_common/hardware_sync/sync.c.obj
LOAD CMakeFiles/samwise-adcs-motor.dir/C_/Users/pete/.pico-sdk/sdk/2.1.1/src/rp2_common/hardware_sync_spin_lock/sync_spin_lock.c.obj